[     116ms] [INFO] %cDownload the React DevTools for a better development experience: https://react.dev/link/react-devtools font-weight:bold @ http://localhost:3000/_next/static/chunks/node_modules_next_dist_115brz8._.js:2477
[     147ms] [LOG] [HMR] connected @ http://localhost:3000/_next/static/chunks/node_modules_next_dist_115brz8._.js:2477
[     420ms] [LOG] [Fast Refresh] rebuilding @ http://localhost:3000/_next/static/chunks/node_modules_next_dist_115brz8._.js:2477
[     498ms] [LOG] [Fast Refresh] done in 179ms @ http://localhost:3000/_next/static/chunks/node_modules_next_dist_115brz8._.js:2477
[   40277ms] [ERROR] WebSocket connection to 'wss://y-webrtc-eu.fly.dev/' failed: Error during WebSocket handshake: Unexpected response code: 503 @ http://localhost:3000/_next/static/chunks/node_modules_lib0_0zigw_o._.js:4696
[   80351ms] [ERROR] WebSocket connection to 'wss://y-webrtc-eu.fly.dev/' failed: Error during WebSocket handshake: Unexpected response code: 503 @ http://localhost:3000/_next/static/chunks/node_modules_lib0_0zigw_o._.js:4696
[  120876ms] [ERROR] WebSocket connection to 'wss://y-webrtc-eu.fly.dev/' failed: Error during WebSocket handshake: Unexpected response code: 503 @ http://localhost:3000/_next/static/chunks/node_modules_lib0_0zigw_o._.js:4696
[  161630ms] [ERROR] WebSocket connection to 'wss://y-webrtc-eu.fly.dev/' failed: Error during WebSocket handshake: Unexpected response code: 503 @ http://localhost:3000/_next/static/chunks/node_modules_lib0_0zigw_o._.js:4696
[  202285ms] [ERROR] WebSocket connection to 'wss://y-webrtc-eu.fly.dev/' failed: Error during WebSocket handshake: Unexpected response code: 503 @ http://localhost:3000/_next/static/chunks/node_modules_lib0_0zigw_o._.js:4696
[  243058ms] [ERROR] WebSocket connection to 'wss://y-webrtc-eu.fly.dev/' failed: Error during WebSocket handshake: Unexpected response code: 503 @ http://localhost:3000/_next/static/chunks/node_modules_lib0_0zigw_o._.js:4696
[  284352ms] [ERROR] WebSocket connection to 'wss://y-webrtc-eu.fly.dev/' failed: Error during WebSocket handshake: Unexpected response code: 503 @ http://localhost:3000/_next/static/chunks/node_modules_lib0_0zigw_o._.js:4696
[  325619ms] [ERROR] WebSocket connection to 'wss://y-webrtc-eu.fly.dev/' failed: Error during WebSocket handshake: Unexpected response code: 503 @ http://localhost:3000/_next/static/chunks/node_modules_lib0_0zigw_o._.js:4696
[  366352ms] [ERROR] WebSocket connection to 'wss://y-webrtc-eu.fly.dev/' failed: Error during WebSocket handshake: Unexpected response code: 503 @ http://localhost:3000/_next/static/chunks/node_modules_lib0_0zigw_o._.js:4696
[  407543ms] [ERROR] WebSocket connection to 'wss://y-webrtc-eu.fly.dev/' failed: Error during WebSocket handshake: Unexpected response code: 503 @ http://localhost:3000/_next/static/chunks/node_modules_lib0_0zigw_o._.js:4696
[  448724ms] [ERROR] WebSocket connection to 'wss://y-webrtc-eu.fly.dev/' failed: Error during WebSocket handshake: Unexpected response code: 503 @ http://localhost:3000/_next/static/chunks/node_modules_lib0_0zigw_o._.js:4696
[  490087ms] [ERROR] WebSocket connection to 'wss://y-webrtc-eu.fly.dev/' failed: Error during WebSocket handshake: Unexpected response code: 503 @ http://localhost:3000/_next/static/chunks/node_modules_lib0_0zigw_o._.js:4696
[  531289ms] [ERROR] WebSocket connection to 'wss://y-webrtc-eu.fly.dev/' failed: Error during WebSocket handshake: Unexpected response code: 503 @ http://localhost:3000/_next/static/chunks/node_modules_lib0_0zigw_o._.js:4696
[  572777ms] [ERROR] WebSocket connection to 'wss://y-webrtc-eu.fly.dev/' failed: Error during WebSocket handshake: Unexpected response code: 503 @ http://localhost:3000/_next/static/chunks/node_modules_lib0_0zigw_o._.js:4696
[  614292ms] [ERROR] WebSocket connection to 'wss://y-webrtc-eu.fly.dev/' failed: Error during WebSocket handshake: Unexpected response code: 503 @ http://localhost:3000/_next/static/chunks/node_modules_lib0_0zigw_o._.js:4696
[  655736ms] [ERROR] WebSocket connection to 'wss://y-webrtc-eu.fly.dev/' failed: Error during WebSocket handshake: Unexpected response code: 503 @ http://localhost:3000/_next/static/chunks/node_modules_lib0_0zigw_o._.js:4696
[  697238ms] [ERROR] WebSocket connection to 'wss://y-webrtc-eu.fly.dev/' failed: Error during WebSocket handshake: Unexpected response code: 503 @ http://localhost:3000/_next/static/chunks/node_modules_lib0_0zigw_o._.js:4696
[  739058ms] [ERROR] WebSocket connection to 'wss://y-webrtc-eu.fly.dev/' failed: Error during WebSocket handshake: Unexpected response code: 503 @ http://localhost:3000/_next/static/chunks/node_modules_lib0_0zigw_o._.js:4696
[  780543ms] [ERROR] WebSocket connection to 'wss://y-webrtc-eu.fly.dev/' failed: Error during WebSocket handshake: Unexpected response code: 503 @ http://localhost:3000/_next/static/chunks/node_modules_lib0_0zigw_o._.js:4696
[  822174ms] [ERROR] WebSocket connection to 'wss://y-webrtc-eu.fly.dev/' failed: Error during WebSocket handshake: Unexpected response code: 503 @ http://localhost:3000/_next/static/chunks/node_modules_lib0_0zigw_o._.js:4696
[  851844ms] [LOG] [Fast Refresh] rebuilding @ http://localhost:3000/_next/static/chunks/node_modules_next_dist_115brz8._.js:2477
[  851906ms] [LOG] [Fast Refresh] done in 136ms @ http://localhost:3000/_next/static/chunks/node_modules_next_dist_115brz8._.js:2477
[  864562ms] [ERROR] WebSocket connection to 'wss://y-webrtc-eu.fly.dev/' failed: Error during WebSocket handshake: Unexpected response code: 503 @ http://localhost:3000/_next/static/chunks/node_modules_lib0_0zigw_o._.js:4696
