[     615ms] [INFO] %cDownload the React DevTools for a better development experience: https://react.dev/link/react-devtools font-weight:bold @ http://localhost:3000/_next/static/chunks/node_modules_next_dist_115brz8._.js:2477
[     625ms] [LOG] [HMR] connected @ http://localhost:3000/_next/static/chunks/node_modules_next_dist_115brz8._.js:2477
[     973ms] [LOG] [Fast Refresh] rebuilding @ http://localhost:3000/_next/static/chunks/node_modules_next_dist_115brz8._.js:2477
[    1044ms] [ERROR] Failed to load resource: the server responded with a status of 500 (Internal Server Error) @ http://localhost:3000/:0
[    1045ms] [LOG] [Fast Refresh] done in 172ms @ http://localhost:3000/_next/static/chunks/node_modules_next_dist_115brz8._.js:2477
[    1099ms] [WARNING] The width(-1) and height(-1) of chart should be greater than 0,
       please check the style of container, or the props width(100%) and height(100%),
       or add a minWidth(0) or minHeight(undefined) or use aspect(undefined) to control the
       height and width. @ http://localhost:3000/_next/static/chunks/node_modules_next_dist_115brz8._.js:2477
[    1099ms] [WARNING] The width(-1) and height(-1) of chart should be greater than 0,
       please check the style of container, or the props width(100%) and height(100%),
       or add a minWidth(0) or minHeight(undefined) or use aspect(undefined) to control the
       height and width. @ http://localhost:3000/_next/static/chunks/node_modules_next_dist_115brz8._.js:2477
[    1101ms] [WARNING] The width(-1) and height(-1) of chart should be greater than 0,
       please check the style of container, or the props width(100%) and height(100%),
       or add a minWidth(0) or minHeight(undefined) or use aspect(undefined) to control the
       height and width. @ http://localhost:3000/_next/static/chunks/node_modules_next_dist_115brz8._.js:2477
[    1101ms] [WARNING] The width(-1) and height(-1) of chart should be greater than 0,
       please check the style of container, or the props width(100%) and height(100%),
       or add a minWidth(0) or minHeight(undefined) or use aspect(undefined) to control the
       height and width. @ http://localhost:3000/_next/static/chunks/node_modules_next_dist_115brz8._.js:2477
[    1102ms] [WARNING] The width(-1) and height(-1) of chart should be greater than 0,
       please check the style of container, or the props width(100%) and height(100%),
       or add a minWidth(0) or minHeight(undefined) or use aspect(undefined) to control the
       height and width. @ http://localhost:3000/_next/static/chunks/node_modules_next_dist_115brz8._.js:2477
[    1102ms] [WARNING] The width(-1) and height(-1) of chart should be greater than 0,
       please check the style of container, or the props width(100%) and height(100%),
       or add a minWidth(0) or minHeight(undefined) or use aspect(undefined) to control the
       height and width. @ http://localhost:3000/_next/static/chunks/node_modules_next_dist_115brz8._.js:2477
[    1102ms] [WARNING] The width(-1) and height(-1) of chart should be greater than 0,
       please check the style of container, or the props width(100%) and height(100%),
       or add a minWidth(0) or minHeight(undefined) or use aspect(undefined) to control the
       height and width. @ http://localhost:3000/_next/static/chunks/node_modules_next_dist_115brz8._.js:2477
[    1102ms] [WARNING] The width(-1) and height(-1) of chart should be greater than 0,
       please check the style of container, or the props width(100%) and height(100%),
       or add a minWidth(0) or minHeight(undefined) or use aspect(undefined) to control the
       height and width. @ http://localhost:3000/_next/static/chunks/node_modules_next_dist_115brz8._.js:2477
[    1103ms] [WARNING] The width(-1) and height(-1) of chart should be greater than 0,
       please check the style of container, or the props width(100%) and height(100%),
       or add a minWidth(0) or minHeight(undefined) or use aspect(undefined) to control the
       height and width. @ http://localhost:3000/_next/static/chunks/node_modules_next_dist_115brz8._.js:2477
[    1103ms] [WARNING] The width(-1) and height(-1) of chart should be greater than 0,
       please check the style of container, or the props width(100%) and height(100%),
       or add a minWidth(0) or minHeight(undefined) or use aspect(undefined) to control the
       height and width. @ http://localhost:3000/_next/static/chunks/node_modules_next_dist_115brz8._.js:2477
[    1103ms] [WARNING] The width(-1) and height(-1) of chart should be greater than 0,
       please check the style of container, or the props width(100%) and height(100%),
       or add a minWidth(0) or minHeight(undefined) or use aspect(undefined) to control the
       height and width. @ http://localhost:3000/_next/static/chunks/node_modules_next_dist_115brz8._.js:2477
[    1103ms] [WARNING] The width(-1) and height(-1) of chart should be greater than 0,
       please check the style of container, or the props width(100%) and height(100%),
       or add a minWidth(0) or minHeight(undefined) or use aspect(undefined) to control the
       height and width. @ http://localhost:3000/_next/static/chunks/node_modules_next_dist_115brz8._.js:2477
[    1113ms] [WARNING] The width(-1) and height(-1) of chart should be greater than 0,
       please check the style of container, or the props width(100%) and height(100%),
       or add a minWidth(0) or minHeight(undefined) or use aspect(undefined) to control the
       height and width. @ http://localhost:3000/_next/static/chunks/node_modules_next_dist_115brz8._.js:2477
[    1113ms] [WARNING] The width(-1) and height(-1) of chart should be greater than 0,
       please check the style of container, or the props width(100%) and height(100%),
       or add a minWidth(0) or minHeight(undefined) or use aspect(undefined) to control the
       height and width. @ http://localhost:3000/_next/static/chunks/node_modules_next_dist_115brz8._.js:2477
[    1216ms] [LOG] [Fast Refresh] rebuilding @ http://localhost:3000/_next/static/chunks/node_modules_next_dist_115brz8._.js:2477
[    1217ms] [LOG] [Fast Refresh] done in 139ms @ http://localhost:3000/_next/static/chunks/node_modules_next_dist_115brz8._.js:2477
[    2257ms] [ERROR] Failed to load resource: the server responded with a status of 500 (Internal Server Error) @ http://localhost:3000/:0
[    4460ms] [ERROR] Failed to load resource: the server responded with a status of 500 (Internal Server Error) @ http://localhost:3000/:0
[    8607ms] [LOG] [Fast Refresh] rebuilding @ http://localhost:3000/_next/static/chunks/node_modules_next_dist_115brz8._.js:2477
[    8636ms] [ERROR] Failed to load resource: the server responded with a status of 500 (Internal Server Error) @ http://localhost:3000/:0
[    8636ms] [LOG] [Fast Refresh] done in 131ms @ http://localhost:3000/_next/static/chunks/node_modules_next_dist_115brz8._.js:2477
[   39178ms] [ERROR] Failed to load resource: the server responded with a status of 406 (Not Acceptable) @ http://127.0.0.1:54321/rest/v1/user_security_pin?select=enabled%2Csecurity_question&user_id=eq.a69cd33c-dc4e-4606-8df5-6cda894c7c55:0
[  116758ms] [LOG] [Fast Refresh] rebuilding @ http://localhost:3000/_next/static/chunks/node_modules_next_dist_115brz8._.js:2477
[  116904ms] [LOG] [Fast Refresh] done in 242ms @ http://localhost:3000/_next/static/chunks/node_modules_next_dist_115brz8._.js:2477
[  117047ms] [LOG] [Fast Refresh] rebuilding @ http://localhost:3000/_next/static/chunks/node_modules_next_dist_115brz8._.js:2477
[  117048ms] [LOG] [Fast Refresh] done in 102ms @ http://localhost:3000/_next/static/chunks/node_modules_next_dist_115brz8._.js:2477
[  117299ms] [LOG] [Fast Refresh] rebuilding @ http://localhost:3000/_next/static/chunks/node_modules_next_dist_115brz8._.js:2477
[  117398ms] [LOG] [Fast Refresh] done in 200ms @ http://localhost:3000/_next/static/chunks/node_modules_next_dist_115brz8._.js:2477
[  117502ms] [LOG] [Fast Refresh] rebuilding @ http://localhost:3000/_next/static/chunks/node_modules_next_dist_115brz8._.js:2477
[  117712ms] [LOG] [Fast Refresh] done in 311ms @ http://localhost:3000/_next/static/chunks/node_modules_next_dist_115brz8._.js:2477
[  148452ms] [LOG] [Fast Refresh] rebuilding @ http://localhost:3000/_next/static/chunks/node_modules_next_dist_115brz8._.js:2477
[  148844ms] [ERROR] ./src/components/archive/PinPadOverlay.tsx:245:3
Return statement is not allowed here
  243 |   }
  244 |
> 245 |   return (
      |   ^^^^^^^
> 246 |     <div className="relative w-full h-full overflow-hidden">
      | ^^^^^^^^^^^^^^^^^^^^^^^^^^^^^^^^^^^^^^^^^^^^^^^^^^^^^^^^^^^^
> 247 |       {/* Underlying Content */}
      | ^^^^^^^^^^^^^^^^^^^^^^^^^^^^^^^^
> 248 |       <div className={cn("w-full h-full transition-all duration-700 ease-[cubic-bezier(0....
      | ^^^^^^^^^^^^^^^^^^^^^^^^^^^^^^^^^^^^^^^^^^^^^^^^^^^^^^^^^^^^^^^^^^^^^^^^^^^^^^^^^^^^^^^^^^^^
> 249 |         {children}
      | ^^^^^^^^^^^^^^^^^^
> 250 |       </div>
      | ^^^^^^^^^^^^
> 251 |
      | ^
> 252 |       {/* Pin Pad Overlay */}
      | ^^^^^^^^^^^^^^^^^^^^^^^^^^^^^
> 253 |       <AnimatePresence>
      | ^^^^^^^^^^^^^^^^^^^^^^^
> 254 |         {isPinLocked && (
      | ^^^^^^^^^^^^^^^^^^^^^^^^^
> 255 |           <motion.div 
      | ^^^^^^^^^^^^^^^^^^^^^^
> 256 |             initial={{ opacity: 0, backdropFilter: "blur(0px)" }}
      | ^^^^^^^^^^^^^^^^^^^^^^^^^^^^^^^^^^^^^^^^^^^^^^^^^^^^^^^^^^^^^^^^^
> 257 |             animate={{ opacity: 1, backdropFilter: "blur(24px)" }}
      | ^^^^^^^^^^^^^^^^^^^^^^^^^^^^^^^^^^^^^^^^^^^^^^^^^^^^^^^^^^^^^^^^^^
> 258 |             exit={{ opacity: 0, backdropFilter: "blur(0px)" }}
      | ^^^^^^^^^^^^^^^^^^^^^^^^^^^^^^^^^^^^^^^^^^^^^^^^^^^^^^^^^^^^^^
> 259 |             transition={{ duration: 0.5 }}
      | ^^^^^^^^^^^^^^^^^^^^^^^^^^^^^^^^^^^^^^^^^^
> 260 |             className="absolute inset-0 z-50 flex items-center justify-center bg-white/40"
      | ^^^^^^^^^^^^^^^^^^^^^^^^^^^^^^^^^^^^^^^^^^^^^^^^^^^^^^^^^^^^^^^^^^^^^^^^^^^^^^^^^^^^^^^^^^
> 261 |           >
      | ^^^^^^^^^^^
> 262 |             <motion.div 
      | ^^^^^^^^^^^^^^^^^^^^^^^^
> 263 |               initial={{ scale: 0.9, y: 30, opacity: 0 }}
      | ^^^^^^^^^^^^^^^^^^^^^^^^^^^^^^^^^^^^^^^^^^^^^^^^^^^^^^^^^
> 264 |               animate={{ scale: 1, y: 0, opacity: 1 }}
      | ^^^^^^^^^^^^^^^^^^^^^^^^^^^^^^^^^^^^^^^^^^^^^^^^^^^^^^
> 265 |               exit={{ scale: 0.95, y: -20, opacity: 0 }}
      | ^^^^^^^^^^^^^^^^^^^^^^^^^^^^^^^^^^^^^^^^^^^^^^^^^^^^^^^^
> 266 |               transition={{ type: "spring", stiffness: 300, damping: 25 }}
      | ^^^^^^^^^^^^^^^^^^^^^^^^^^^^^^^^^^^^^^^^^^^^^^^^^^^^^^^^^^^^^^^^^^^^^^^^^^
> 267 |               className="bg-white/80 p-8 rounded-3xl shadow-2xl backdrop-blur-3xl border ...
      | ^^^^^^^^^^^^^^^^^^^^^^^^^^^^^^^^^^^^^^^^^^^^^^^^^^^^^^^^^^^^^^^^^^^^^^^^^^^^^^^^^^^^^^^^^^^^
> 268 |             >
      | ^^^^^^^^^^^^^
> 269 |               <div className="w-14 h-14 bg-gradient-to-tr from-slate-800 to-slate-900 tex...
      | ^^^^^^^^^^^^^^^^^^^^^^^^^^^^^^^^^^^^^^^^^^^^^^^^^^^^^^^^^^^^^^^^^^^^^^^^^^^^^^^^^^^^^^^^^^^^
> 270 |                 {mode === 'loading' ? <Loader2 className="w-7 h-7 animate-spin" /> : mode...
      | ^^^^^^^^^^^^^^^^^^^^^^^^^^^^^^^^^^^^^^^^^^^^^^^^^^^^^^^^^^^^^^^^^^^^^^^^^^^^^^^^^^^^^^^^^^^^
> 271 |               </div>
      | ^^^^^^^^^^^^^^^^^^^^
> 272 |               <h2 className="text-xl font-bold text-slate-800 mb-2">{title}</h2>
      | ^^^^^^^^^^^^^^^^^^^^^^^^^^^^^^^^^^^^^^^^^^^^^^^^^^^^^^^^^^^^^^^^^^^^^^^^^^^^^^^^
> 273 |               <p className="text-sm text-slate-500 mb-8 font-medium text-center px-4">
      | ^^^^^^^^^^^^^^^^^^^^^^^^^^^^^^^^^^^^^^^^^^^^^^^^^^^^^^^^^^^^^^^^^^^^^^^^^^^^^^^^^^^^^^
> 274 |                 {lockoutTime > 0 
      | ^^^^^^^^^^^^^^^^^^^^^^^^^^^^^^^^^
> 275 |                   ? <span className="text-rose-500 font-bold">{lockoutTime}초 후 다시 시...
      | ^^^^^^^^^^^^^^^^^^^^^^^^^^^^^^^^^^^^^^^^^^^^^^^^^^^^^^^^^^^^^^^^^^^^^^^^^^^^^^^^^^^^^^^^^^^^
> 276 |                   : subtitle}
      | ^^^^^^^^^^^^^^^^^^^^^^^^^^^^^
> 277 |               </p>
      | ^^^^^^^^^^^^^^^^^^
> 278 |
      | ^
> 279 |               {(mode === 'locked' || mode === 'setup_pin' || mode === 'setup_confirm') && (
      | ^^^^^^^^^^^^^^^^^^^^^^^^^^^^^^^^^^^^^^^^^^^^^^^^^^^^^^^^^^^^^^^^^^^^^^^^^^^^^^^^^^^^^^^^^^^
> 280 |                 <>
      | ^^^^^^^^^^^^^^^^^^
> 281 |                   {/* PIN Dots */}
      | ^^^^^^^^^^^^^^^^^^^^^^^^^^^^^^^^^^
> 282 |                   <motion.div 
      | ^^^^^^^^^^^^^^^^^^^^^^^^^^^^^^
> 283 |                     animate={error ? { x: [-10, 10, -10, 10, 0] } : {}}
      | ^^^^^^^^^^^^^^^^^^^^^^^^^^^^^^^^^^^^^^^^^^^^^^^^^^^^^^^^^^^^^^^^^^^^^^^
> 284 |                     transition={{ duration: 0.4 }}
      | ^^^^^^^^^^^^^^^^^^^^^^^^^^^^^^^^^^^^^^^^^^^^^^^^^^
> 285 |                     className="flex items-center space-x-4 mb-8"
      | ^^^^^^^^^^^^^^^^^^^^^^^^^^^^^^^^^^^^^^^^^^^^^^^^^^^^^^^^^^^^^^^^
> 286 |                   >
      | ^^^^^^^^^^^^^^^^^^^
> 287 |                     {[0, 1, 2, 3].map((i) => (
      | ^^^^^^^^^^^^^^^^^^^^^^^^^^^^^^^^^^^^^^^^^^^^^^
> 288 |                       <div 
      | ^^^^^^^^^^^^^^^^^^^^^^^^^^^
> 289 |                         key={i}
      | ^^^^^^^^^^^^^^^^^^^^^^^^^^^^^^^
> 290 |                         className={cn(
      | ^^^^^^^^^^^^^^^^^^^^^^^^^^^^^^^^^^^^^^
> 291 |                           "w-3.5 h-3.5 rounded-full transition-all duration-300",
      | ^^^^^^^^^^^^^^^^^^^^^^^^^^^^^^^^^^^^^^^^^^^^^^^^^^^^^^^^^^^^^^^^^^^^^^^^^^^^^^^^^
> 292 |                           pin.length > i ? "bg-slate-900 scale-125 shadow-sm" : "bg-slate...
      | ^^^^^^^^^^^^^^^^^^^^^^^^^^^^^^^^^^^^^^^^^^^^^^^^^^^^^^^^^^^^^^^^^^^^^^^^^^^^^^^^^^^^^^^^^^^^
> 293 |                         )}
      | ^^^^^^^^^^^^^^^^^^^^^^^^^^
> 294 |                       />
      | ^^^^^^^^^^^^^^^^^^^^^^^^
> 295 |                     ))}
      | ^^^^^^^^^^^^^^^^^^^^^^^
> 296 |                   </motion.div>
      | ^^^^^^^^^^^^^^^^^^^^^^^^^^^^^^^
> 297 |
      | ^
> 298 |                   {/* Numpad */}
      | ^^^^^^^^^^^^^^^^^^^^^^^^^^^^^^^^
> 299 |                   <div className="grid grid-cols-3 gap-3 w-full">
      | ^^^^^^^^^^^^^^^^^^^^^^^^^^^^^^^^^^^^^^^^^^^^^^^^^^^^^^^^^^^^^^^^^
> 300 |                     {[1, 2, 3, 4, 5, 6, 7, 8, 9].map((num) => (
      | ^^^^^^^^^^^^^^^^^^^^^^^^^^^^^^^^^^^^^^^^^^^^^^^^^^^^^^^^^^^^^^^
> 301 |                       <button
      | ^^^^^^^^^^^^^^^^^^^^^^^^^^^^^
> 302 |                         key={num}
      | ^^^^^^^^^^^^^^^^^^^^^^^^^^^^^^^^^
> 303 |                         onClick={() => handleKeyPress(num.toString())}
      | ^^^^^^^^^^^^^^^^^^^^^^^^^^^^^^^^^^^^^^^^^^^^^^^^^^^^^^^^^^^^^^^^^^^^^^
> 304 |                         disabled={isProcessing}
      | ^^^^^^^^^^^^^^^^^^^^^^^^^^^^^^^^^^^^^^^^^^^^^^^
> 305 |                         className="h-[60px] md:h-[68px] rounded-2xl bg-white/60 hover:bg-...
      | ^^^^^^^^^^^^^^^^^^^^^^^^^^^^^^^^^^^^^^^^^^^^^^^^^^^^^^^^^^^^^^^^^^^^^^^^^^^^^^^^^^^^^^^^^^^^
> 306 |                       >
      | ^^^^^^^^^^^^^^^^^^^^^^^
> 307 |                         {num}
      | ^^^^^^^^^^^^^^^^^^^^^^^^^^^^^
> 308 |                       </button>
      | ^^^^^^^^^^^^^^^^^^^^^^^^^^^^^^^
> 309 |                     ))}
      | ^^^^^^^^^^^^^^^^^^^^^^^
> 310 |                     <div /> {/* Empty slot */}
      | ^^^^^^^^^^^^^^^^^^^^^^^^^^^^^^^^^^^^^^^^^^^^^^
> 311 |                     <button
      | ^^^^^^^^^^^^^^^^^^^^^^^^^^^
> 312 |                       onClick={() => handleKeyPress('0')}
      | ^^^^^^^^^^^^^^^^^^^^^^^^^^^^^^^^^^^^^^^^^^^^^^^^^^^^^^^^^
> 313 |                       disabled={isProcessing}
      | ^^^^^^^^^^^^^^^^^^^^^^^^^^^^^^^^^^^^^^^^^^^^^
> 314 |                       className="h-[60px] md:h-[68px] rounded-2xl bg-white/60 hover:bg-wh...
      | ^^^^^^^^^^^^^^^^^^^^^^^^^^^^^^^^^^^^^^^^^^^^^^^^^^^^^^^^^^^^^^^^^^^^^^^^^^^^^^^^^^^^^^^^^^^^
> 315 |                     >
      | ^^^^^^^^^^^^^^^^^^^^^
> 316 |                       0
      | ^^^^^^^^^^^^^^^^^^^^^^^
> 317 |                     </button>
      | ^^^^^^^^^^^^^^^^^^^^^^^^^^^^^
> 318 |                     <button
      | ^^^^^^^^^^^^^^^^^^^^^^^^^^^
> 319 |                       onClick={handleDelete}
      | ^^^^^^^^^^^^^^^^^^^^^^^^^^^^^^^^^^^^^^^^^^^^
> 320 |                       disabled={isProcessing}
      | ^^^^^^^^^^^^^^^^^^^^^^^^^^^^^^^^^^^^^^^^^^^^^
> 321 |                       className="h-[60px] md:h-[68px] rounded-2xl flex items-center justi...
      | ^^^^^^^^^^^^^^^^^^^^^^^^^^^^^^^^^^^^^^^^^^^^^^^^^^^^^^^^^^^^^^^^^^^^^^^^^^^^^^^^^^^^^^^^^^^^
> 322 |                     >
      | ^^^^^^^^^^^^^^^^^^^^^
> 323 |                       <Delete className="w-6 h-6" />
      | ^^^^^^^^^^^^^^^^^^^^^^^^^^^^^^^^^^^^^^^^^^^^^^^^^^^^
> 324 |                     </button>
      | ^^^^^^^^^^^^^^^^^^^^^^^^^^^^^
> 325 |                   </div>
      | ^^^^^^^^^^^^^^^^^^^^^^^^
> 326 |                   
      | ^^^^^^^^^^^^^^^^^^
> 327 |                   {mode === 'locked' && (
      | ^^^^^^^^^^^^^^^^^^^^^^^^^^^^^^^^^^^^^^^^^
> 328 |                     <button 
      | ^^^^^^^^^^^^^^^^^^^^^^^^^^^^
> 329 |                       onClick={() => {
      | ^^^^^^^^^^^^^^^^^^^^^^^^^^^^^^^^^^^^^^
> 330 |                         setAnswer('');
      | ^^^^^^^^^^^^^^^^^^^^^^^^^^^^^^^^^^^^^^
> 331 |                         setMode('reset');
      | ^^^^^^^^^^^^^^^^^^^^^^^^^^^^^^^^^^^^^^^^^
> 332 |                       }}
      | ^^^^^^^^^^^^^^^^^^^^^^^^
> 333 |                       className="mt-6 text-sm text-slate-400 hover:text-indigo-600 font-m...
      | ^^^^^^^^^^^^^^^^^^^^^^^^^^^^^^^^^^^^^^^^^^^^^^^^^^^^^^^^^^^^^^^^^^^^^^^^^^^^^^^^^^^^^^^^^^^^
> 334 |                     >
      | ^^^^^^^^^^^^^^^^^^^^^
> 335 |                       비밀번호를 잊으셨나요? (재설정)
      | ^^^^^^^^^^^^^^^^^^^^^^^^^^^^^^^^^^^^^^^^^^^^^^^^^^^^^
> 336 |                     </button>
      | ^^^^^^^^^^^^^^^^^^^^^^^^^^^^^
> 337 |                   )}
      | ^^^^^^^^^^^^^^^^^^^^
> 338 |                 </>
      | ^^^^^^^^^^^^^^^^^^^
> 339 |               )}
      | ^^^^^^^^^^^^^^^^
> 340 |
      | ^
> 341 |               {mode === 'setup_security' && (
      | ^^^^^^^^^^^^^^^^^^^^^^^^^^^^^^^^^^^^^^^^^^^^^
> 342 |                 <div className="w-full space-y-4">
      | ^^^^^^^^^^^^^^^^^^^^^^^^^^^^^^^^^^^^^^^^^^^^^^^^^^
> 343 |                   <div className="space-y-2">
      | ^^^^^^^^^^^^^^^^^^^^^^^^^^^^^^^^^^^^^^^^^^^^^
> 344 |                     <Label className="text-slate-600">질문 선택</Label>
      | ^^^^^^^^^^^^^^^^^^^^^^^^^^^^^^^^^^^^^^^^^^^^^^^^^^^^^^^^^^^^^^^^^^^^^^^
> 345 |                     <select
      | ^^^^^^^^^^^^^^^^^^^^^^^^^^^
> 346 |                       value={questionType}
      | ^^^^^^^^^^^^^^^^^^^^^^^^^^^^^^^^^^^^^^^^^^
> 347 |                       onChange={(e) => setQuestionType(e.target.value)}
      | ^^^^^^^^^^^^^^^^^^^^^^^^^^^^^^^^^^^^^^^^^^^^^^^^^^^^^^^^^^^^^^^^^^^^^^^
> 348 |                       className="flex h-11 w-full items-center justify-between rounded-xl...
      | ^^^^^^^^^^^^^^^^^^^^^^^^^^^^^^^^^^^^^^^^^^^^^^^^^^^^^^^^^^^^^^^^^^^^^^^^^^^^^^^^^^^^^^^^^^^^
> 349 |                     >
      | ^^^^^^^^^^^^^^^^^^^^^
> 350 |                       <option value="" disabled>보안 질문을 선택하세요</option>
      | ^^^^^^^^^^^^^^^^^^^^^^^^^^^^^^^^^^^^^^^^^^^^^^^^^^^^^^^^^^^^^^^^^^^^^^^^^^^^^^^
> 351 |                       {PRESET_QUESTIONS.map(q => (
      | ^^^^^^^^^^^^^^^^^^^^^^^^^^^^^^^^^^^^^^^^^^^^^^^^^^
> 352 |                         <option key={q} value={q}>
      | ^^^^^^^^^^^^^^^^^^^^^^^^^^^^^^^^^^^^^^^^^^^^^^^^^^
> 353 |                           {q === 'CUSTOM' ? '직접 입력...' : q}
      | ^^^^^^^^^^^^^^^^^^^^^^^^^^^^^^^^^^^^^^^^^^^^^^^^^^^^^^^^^^^^^^^
> 354 |                         </option>
      | ^^^^^^^^^^^^^^^^^^^^^^^^^^^^^^^^^
> 355 |                       ))}
      | ^^^^^^^^^^^^^^^^^^^^^^^^^
> 356 |                     </select>
      | ^^^^^^^^^^^^^^^^^^^^^^^^^^^^^
> 357 |                   </div>
      | ^^^^^^^^^^^^^^^^^^^^^^^^
> 358 |                   
      | ^^^^^^^^^^^^^^^^^^
> 359 |                   {questionType === 'CUSTOM' && (
      | ^^^^^^^^^^^^^^^^^^^^^^^^^^^^^^^^^^^^^^^^^^^^^^^^^
> 360 |                     <div className="space-y-2">
      | ^^^^^^^^^^^^^^^^^^^^^^^^^^^^^^^^^^^^^^^^^^^^^^^
> 361 |                       <Label className="text-slate-600">질문 직접 입력</Label>
      | ^^^^^^^^^^^^^^^^^^^^^^^^^^^^^^^^^^^^^^^^^^^^^^^^^^^^^^^^^^^^^^^^^^^^^^^^^^^^^^
> 362 |                       <Input 
      | ^^^^^^^^^^^^^^^^^^^^^^^^^^^^^
> 363 |                         value={customQuestion}
      | ^^^^^^^^^^^^^^^^^^^^^^^^^^^^^^^^^^^^^^^^^^^^^^
> 364 |                         onChange={(e) => setCustomQuestion(e.target.value)}
      | ^^^^^^^^^^^^^^^^^^^^^^^^^^^^^^^^^^^^^^^^^^^^^^^^^^^^^^^^^^^^^^^^^^^^^^^^^^^
> 365 |                         placeholder="자신만의 질문을 입력하세요"
      | ^^^^^^^^^^^^^^^^^^^^^^^^^^^^^^^^^^^^^^^^^^^^^^^^^^^^^^^^^^^^^^^^
> 366 |                         className="bg-white rounded-xl border-slate-200"
      | ^^^^^^^^^^^^^^^^^^^^^^^^^^^^^^^^^^^^^^^^^^^^^^^^^^^^^^^^^^^^^^^^^^^^^^^^
> 367 |                       />
      | ^^^^^^^^^^^^^^^^^^^^^^^^
> 368 |                     </div>
      | ^^^^^^^^^^^^^^^^^^^^^^^^^^
> 369 |                   )}
      | ^^^^^^^^^^^^^^^^^^^^
> 370 |
      | ^
> 371 |                   <div className="space-y-2 pt-2">
      | ^^^^^^^^^^^^^^^^^^^^^^^^^^^^^^^^^^^^^^^^^^^^^^^^^^
> 372 |                     <Label className="text-slate-600">답변 입력</Label>
      | ^^^^^^^^^^^^^^^^^^^^^^^^^^^^^^^^^^^^^^^^^^^^^^^^^^^^^^^^^^^^^^^^^^^^^^^
> 373 |                     <Input 
      | ^^^^^^^^^^^^^^^^^^^^^^^^^^^
> 374 |                       value={answer}
      | ^^^^^^^^^^^^^^^^^^^^^^^^^^^^^^^^^^^^
> 375 |                       onChange={(e) => setAnswer(e.target.value)}
      | ^^^^^^^^^^^^^^^^^^^^^^^^^^^^^^^^^^^^^^^^^^^^^^^^^^^^^^^^^^^^^^^^^
> 376 |                       placeholder="답변을 입력하세요"
      | ^^^^^^^^^^^^^^^^^^^^^^^^^^^^^^^^^^^^^^^^^^^^^^^^^^^^^
> 377 |                       className="bg-white rounded-xl border-slate-200"
      | ^^^^^^^^^^^^^^^^^^^^^^^^^^^^^^^^^^^^^^^^^^^^^^^^^^^^^^^^^^^^^^^^^^^^^^
> 378 |                     />
      | ^^^^^^^^^^^^^^^^^^^^^^
> 379 |                   </div>
      | ^^^^^^^^^^^^^^^^^^^^^^^^
> 380 |
      | ^
> 381 |                   <Button 
      | ^^^^^^^^^^^^^^^^^^^^^^^^^^
> 382 |                     onClick={handleSetupSecurity} 
      | ^^^^^^^^^^^^^^^^^^^^^^^^^^^^^^^^^^^^^^^^^^^^^^^^^^
> 383 |                     disabled={isProcessing || !questionType || (questionType === 'CUSTOM'...
      | ^^^^^^^^^^^^^^^^^^^^^^^^^^^^^^^^^^^^^^^^^^^^^^^^^^^^^^^^^^^^^^^^^^^^^^^^^^^^^^^^^^^^^^^^^^^^
> 384 |                     className="w-full bg-slate-900 hover:bg-slate-800 text-white rounded-...
      | ^^^^^^^^^^^^^^^^^^^^^^^^^^^^^^^^^^^^^^^^^^^^^^^^^^^^^^^^^^^^^^^^^^^^^^^^^^^^^^^^^^^^^^^^^^^^
> 385 |                   >
      | ^^^^^^^^^^^^^^^^^^^
> 386 |                     {isProcessing ? <Loader2 className="w-5 h-5 animate-spin mr-2" /> : n...
      | ^^^^^^^^^^^^^^^^^^^^^^^^^^^^^^^^^^^^^^^^^^^^^^^^^^^^^^^^^^^^^^^^^^^^^^^^^^^^^^^^^^^^^^^^^^^^
> 387 |                     설정 완료
      | ^^^^^^^^^^^^^^^^^^^^^^^^^^^^^
> 388 |                   </Button>
      | ^^^^^^^^^^^^^^^^^^^^^^^^^^^
> 389 |                 </div>
      | ^^^^^^^^^^^^^^^^^^^^^^
> 390 |               )}
      | ^^^^^^^^^^^^^^^^
> 391 |
      | ^
> 392 |               {mode === 'reset' && (
      | ^^^^^^^^^^^^^^^^^^^^^^^^^^^^^^^^^^^^
> 393 |                 <div className="w-full space-y-4">
      | ^^^^^^^^^^^^^^^^^^^^^^^^^^^^^^^^^^^^^^^^^^^^^^^^^^
> 394 |                   <div className="bg-slate-50 p-4 rounded-xl border border-slate-100 mb-4">
      | ^^^^^^^^^^^^^^^^^^^^^^^^^^^^^^^^^^^^^^^^^^^^^^^^^^^^^^^^^^^^^^^^^^^^^^^^^^^^^^^^^^^^^^^^^^^
> 395 |                     <p className="text-sm font-semibold text-slate-700 text-center">
      | ^^^^^^^^^^^^^^^^^^^^^^^^^^^^^^^^^^^^^^^^^^^^^^^^^^^^^^^^^^^^^^^^^^^^^^^^^^^^^^^^^^^^
> 396 |                       Q. {status?.question || "보안 질문이 설정되지 않았습니다."}
      | ^^^^^^^^^^^^^^^^^^^^^^^^^^^^^^^^^^^^^^^^^^^^^^^^^^^^^^^^^^^^^^^^^^^^^^^^^^^^^^^^^
> 397 |                     </p>
      | ^^^^^^^^^^^^^^^^^^^^^^^^
> 398 |                   </div>
      | ^^^^^^^^^^^^^^^^^^^^^^^^
> 399 |                   
      | ^^^^^^^^^^^^^^^^^^
> 400 |                   <div className="space-y-2">
      | ^^^^^^^^^^^^^^^^^^^^^^^^^^^^^^^^^^^^^^^^^^^^^
> 401 |                     <Label className="text-slate-600">답변 입력</Label>
      | ^^^^^^^^^^^^^^^^^^^^^^^^^^^^^^^^^^^^^^^^^^^^^^^^^^^^^^^^^^^^^^^^^^^^^^^
> 402 |                     <Input 
      | ^^^^^^^^^^^^^^^^^^^^^^^^^^^
> 403 |                       value={answer}
      | ^^^^^^^^^^^^^^^^^^^^^^^^^^^^^^^^^^^^
> 404 |                       onChange={(e) => setAnswer(e.target.value)}
      | ^^^^^^^^^^^^^^^^^^^^^^^^^^^^^^^^^^^^^^^^^^^^^^^^^^^^^^^^^^^^^^^^^
> 405 |                       placeholder="설정했던 답변을 입력하세요"
      | ^^^^^^^^^^^^^^^^^^^^^^^^^^^^^^^^^^^^^^^^^^^^^^^^^^^^^^^^^^^^^^
> 406 |                       className="bg-white rounded-xl border-slate-200 text-center font-bo...
      | ^^^^^^^^^^^^^^^^^^^^^^^^^^^^^^^^^^^^^^^^^^^^^^^^^^^^^^^^^^^^^^^^^^^^^^^^^^^^^^^^^^^^^^^^^^^^
> 407 |                       onKeyDown={(e) => e.key === 'Enter' && handleResetVerify()}
      | ^^^^^^^^^^^^^^^^^^^^^^^^^^^^^^^^^^^^^^^^^^^^^^^^^^^^^^^^^^^^^^^^^^^^^^^^^^^^^^^^^
> 408 |                     />
      | ^^^^^^^^^^^^^^^^^^^^^^
> 409 |                   </div>
      | ^^^^^^^^^^^^^^^^^^^^^^^^
> 410 |
      | ^
> 411 |                   <div className="flex gap-2 mt-4">
      | ^^^^^^^^^^^^^^^^^^^^^^^^^^^^^^^^^^^^^^^^^^^^^^^^^^^
> 412 |                     <Button 
      | ^^^^^^^^^^^^^^^^^^^^^^^^^^^^
> 413 |                       variant="ghost"
      | ^^^^^^^^^^^^^^^^^^^^^^^^^^^^^^^^^^^^^
> 414 |                       onClick={() => setMode('locked')}
      | ^^^^^^^^^^^^^^^^^^^^^^^^^^^^^^^^^^^^^^^^^^^^^^^^^^^^^^^
> 415 |                       className="flex-1 text-slate-500 hover:bg-slate-100 rounded-xl"
      | ^^^^^^^^^^^^^^^^^^^^^^^^^^^^^^^^^^^^^^^^^^^^^^^^^^^^^^^^^^^^^^^^^^^^^^^^^^^^^^^^^^^^^
> 416 |                     >
      | ^^^^^^^^^^^^^^^^^^^^^
> 417 |                       취소
      | ^^^^^^^^^^^^^^^^^^^^^^^^^^
> 418 |                     </Button>
      | ^^^^^^^^^^^^^^^^^^^^^^^^^^^^^
> 419 |                     <Button 
      | ^^^^^^^^^^^^^^^^^^^^^^^^^^^^
> 420 |                       onClick={handleResetVerify} 
      | ^^^^^^^^^^^^^^^^^^^^^^^^^^^^^^^^^^^^^^^^^^^^^^^^^^
> 421 |                       disabled={isProcessing || !answer.trim()}
      | ^^^^^^^^^^^^^^^^^^^^^^^^^^^^^^^^^^^^^^^^^^^^^^^^^^^^^^^^^^^^^^^
> 422 |                       className="flex-1 bg-indigo-600 hover:bg-indigo-700 text-white roun...
      | ^^^^^^^^^^^^^^^^^^^^^^^^^^^^^^^^^^^^^^^^^^^^^^^^^^^^^^^^^^^^^^^^^^^^^^^^^^^^^^^^^^^^^^^^^^^^
> 423 |                     >
      | ^^^^^^^^^^^^^^^^^^^^^
> 424 |                       {isProcessing ? <Loader2 className="w-5 h-5 animate-spin mr-2" /> :...
      | ^^^^^^^^^^^^^^^^^^^^^^^^^^^^^^^^^^^^^^^^^^^^^^^^^^^^^^^^^^^^^^^^^^^^^^^^^^^^^^^^^^^^^^^^^^^^
> 425 |                       확인
      | ^^^^^^^^^^^^^^^^^^^^^^^^^^
> 426 |                     </Button>
      | ^^^^^^^^^^^^^^^^^^^^^^^^^^^^^
> 427 |                   </div>
      | ^^^^^^^^^^^^^^^^^^^^^^^^
> 428 |                 </div>
      | ^^^^^^^^^^^^^^^^^^^^^^
> 429 |               )}
      | ^^^^^^^^^^^^^^^^
> 430 |
      | ^
> 431 |             </motion.div>
      | ^^^^^^^^^^^^^^^^^^^^^^^^^
> 432 |           </motion.div>
      | ^^^^^^^^^^^^^^^^^^^^^^^
> 433 |         )}
      | ^^^^^^^^^^
> 434 |       </AnimatePresence>
      | ^^^^^^^^^^^^^^^^^^^^^^^^
> 435 |     </div>
      | ^^^^^^^^^^
> 436 |   );
      | ^^^^
  437 | }
  438 |

Parsing ecmascript source code failed

Import traces:
  Client Component Browser:
    ./src/components/archive/PinPadOverlay.tsx [Client Component Browser]
    ./src/components/archive/ArchiveNotesView.tsx [Client Component Browser]
    ./src/app/page.tsx [Client Component Browser]
    ./src/app/page.tsx [Server Component]

  Client Component SSR:
    ./src/components/archive/PinPadOverlay.tsx [Client Component SSR]
    ./src/components/archive/ArchiveNotesView.tsx [Client Component SSR]
    ./src/app/page.tsx [Client Component SSR]
    ./src/app/page.tsx [Server Component] @ http://localhost:3000/_next/static/chunks/node_modules_next_dist_115brz8._.js:3318
[  148920ms] [ERROR] ./src/components/archive/PinPadOverlay.tsx:245:3
Return statement is not allowed here
  243 |   }
  244 |
> 245 |   return (
      |   ^^^^^^^
> 246 |     <div className="relative w-full h-full overflow-hidden">
      | ^^^^^^^^^^^^^^^^^^^^^^^^^^^^^^^^^^^^^^^^^^^^^^^^^^^^^^^^^^^^
> 247 |       {/* Underlying Content */}
      | ^^^^^^^^^^^^^^^^^^^^^^^^^^^^^^^^
> 248 |       <div className={cn("w-full h-full transition-all duration-700 ease-[cubic-bezier(0....
      | ^^^^^^^^^^^^^^^^^^^^^^^^^^^^^^^^^^^^^^^^^^^^^^^^^^^^^^^^^^^^^^^^^^^^^^^^^^^^^^^^^^^^^^^^^^^^
> 249 |         {children}
      | ^^^^^^^^^^^^^^^^^^
> 250 |       </div>
      | ^^^^^^^^^^^^
> 251 |
      | ^
> 252 |       {/* Pin Pad Overlay */}
      | ^^^^^^^^^^^^^^^^^^^^^^^^^^^^^
> 253 |       <AnimatePresence>
      | ^^^^^^^^^^^^^^^^^^^^^^^
> 254 |         {isPinLocked && (
      | ^^^^^^^^^^^^^^^^^^^^^^^^^
> 255 |           <motion.div 
      | ^^^^^^^^^^^^^^^^^^^^^^
> 256 |             initial={{ opacity: 0, backdropFilter: "blur(0px)" }}
      | ^^^^^^^^^^^^^^^^^^^^^^^^^^^^^^^^^^^^^^^^^^^^^^^^^^^^^^^^^^^^^^^^^
> 257 |             animate={{ opacity: 1, backdropFilter: "blur(24px)" }}
      | ^^^^^^^^^^^^^^^^^^^^^^^^^^^^^^^^^^^^^^^^^^^^^^^^^^^^^^^^^^^^^^^^^^
> 258 |             exit={{ opacity: 0, backdropFilter: "blur(0px)" }}
      | ^^^^^^^^^^^^^^^^^^^^^^^^^^^^^^^^^^^^^^^^^^^^^^^^^^^^^^^^^^^^^^
> 259 |             transition={{ duration: 0.5 }}
      | ^^^^^^^^^^^^^^^^^^^^^^^^^^^^^^^^^^^^^^^^^^
> 260 |             className="absolute inset-0 z-50 flex items-center justify-center bg-white/40"
      | ^^^^^^^^^^^^^^^^^^^^^^^^^^^^^^^^^^^^^^^^^^^^^^^^^^^^^^^^^^^^^^^^^^^^^^^^^^^^^^^^^^^^^^^^^^
> 261 |           >
      | ^^^^^^^^^^^
> 262 |             <motion.div 
      | ^^^^^^^^^^^^^^^^^^^^^^^^
> 263 |               initial={{ scale: 0.9, y: 30, opacity: 0 }}
      | ^^^^^^^^^^^^^^^^^^^^^^^^^^^^^^^^^^^^^^^^^^^^^^^^^^^^^^^^^
> 264 |               animate={{ scale: 1, y: 0, opacity: 1 }}
      | ^^^^^^^^^^^^^^^^^^^^^^^^^^^^^^^^^^^^^^^^^^^^^^^^^^^^^^
> 265 |               exit={{ scale: 0.95, y: -20, opacity: 0 }}
      | ^^^^^^^^^^^^^^^^^^^^^^^^^^^^^^^^^^^^^^^^^^^^^^^^^^^^^^^^
> 266 |               transition={{ type: "spring", stiffness: 300, damping: 25 }}
      | ^^^^^^^^^^^^^^^^^^^^^^^^^^^^^^^^^^^^^^^^^^^^^^^^^^^^^^^^^^^^^^^^^^^^^^^^^^
> 267 |               className="bg-white/80 p-8 rounded-3xl shadow-2xl backdrop-blur-3xl border ...
      | ^^^^^^^^^^^^^^^^^^^^^^^^^^^^^^^^^^^^^^^^^^^^^^^^^^^^^^^^^^^^^^^^^^^^^^^^^^^^^^^^^^^^^^^^^^^^
> 268 |             >
      | ^^^^^^^^^^^^^
> 269 |               <div className="w-14 h-14 bg-gradient-to-tr from-slate-800 to-slate-900 tex...
      | ^^^^^^^^^^^^^^^^^^^^^^^^^^^^^^^^^^^^^^^^^^^^^^^^^^^^^^^^^^^^^^^^^^^^^^^^^^^^^^^^^^^^^^^^^^^^
> 270 |                 {mode === 'loading' ? <Loader2 className="w-7 h-7 animate-spin" /> : mode...
      | ^^^^^^^^^^^^^^^^^^^^^^^^^^^^^^^^^^^^^^^^^^^^^^^^^^^^^^^^^^^^^^^^^^^^^^^^^^^^^^^^^^^^^^^^^^^^
> 271 |               </div>
      | ^^^^^^^^^^^^^^^^^^^^
> 272 |               <h2 className="text-xl font-bold text-slate-800 mb-2">{title}</h2>
      | ^^^^^^^^^^^^^^^^^^^^^^^^^^^^^^^^^^^^^^^^^^^^^^^^^^^^^^^^^^^^^^^^^^^^^^^^^^^^^^^^
> 273 |               <p className="text-sm text-slate-500 mb-8 font-medium text-center px-4">
      | ^^^^^^^^^^^^^^^^^^^^^^^^^^^^^^^^^^^^^^^^^^^^^^^^^^^^^^^^^^^^^^^^^^^^^^^^^^^^^^^^^^^^^^
> 274 |                 {lockoutTime > 0 
      | ^^^^^^^^^^^^^^^^^^^^^^^^^^^^^^^^^
> 275 |                   ? <span className="text-rose-500 font-bold">{lockoutTime}초 후 다시 시...
      | ^^^^^^^^^^^^^^^^^^^^^^^^^^^^^^^^^^^^^^^^^^^^^^^^^^^^^^^^^^^^^^^^^^^^^^^^^^^^^^^^^^^^^^^^^^^^
> 276 |                   : subtitle}
      | ^^^^^^^^^^^^^^^^^^^^^^^^^^^^^
> 277 |               </p>
      | ^^^^^^^^^^^^^^^^^^
> 278 |
      | ^
> 279 |               {(mode === 'locked' || mode === 'setup_pin' || mode === 'setup_confirm') && (
      | ^^^^^^^^^^^^^^^^^^^^^^^^^^^^^^^^^^^^^^^^^^^^^^^^^^^^^^^^^^^^^^^^^^^^^^^^^^^^^^^^^^^^^^^^^^^
> 280 |                 <>
      | ^^^^^^^^^^^^^^^^^^
> 281 |                   {/* PIN Dots */}
      | ^^^^^^^^^^^^^^^^^^^^^^^^^^^^^^^^^^
> 282 |                   <motion.div 
      | ^^^^^^^^^^^^^^^^^^^^^^^^^^^^^^
> 283 |                     animate={error ? { x: [-10, 10, -10, 10, 0] } : {}}
      | ^^^^^^^^^^^^^^^^^^^^^^^^^^^^^^^^^^^^^^^^^^^^^^^^^^^^^^^^^^^^^^^^^^^^^^^
> 284 |                     transition={{ duration: 0.4 }}
      | ^^^^^^^^^^^^^^^^^^^^^^^^^^^^^^^^^^^^^^^^^^^^^^^^^^
> 285 |                     className="flex items-center space-x-4 mb-8"
      | ^^^^^^^^^^^^^^^^^^^^^^^^^^^^^^^^^^^^^^^^^^^^^^^^^^^^^^^^^^^^^^^^
> 286 |                   >
      | ^^^^^^^^^^^^^^^^^^^
> 287 |                     {[0, 1, 2, 3].map((i) => (
      | ^^^^^^^^^^^^^^^^^^^^^^^^^^^^^^^^^^^^^^^^^^^^^^
> 288 |                       <div 
      | ^^^^^^^^^^^^^^^^^^^^^^^^^^^
> 289 |                         key={i}
      | ^^^^^^^^^^^^^^^^^^^^^^^^^^^^^^^
> 290 |                         className={cn(
      | ^^^^^^^^^^^^^^^^^^^^^^^^^^^^^^^^^^^^^^
> 291 |                           "w-3.5 h-3.5 rounded-full transition-all duration-300",
      | ^^^^^^^^^^^^^^^^^^^^^^^^^^^^^^^^^^^^^^^^^^^^^^^^^^^^^^^^^^^^^^^^^^^^^^^^^^^^^^^^^
> 292 |                           pin.length > i ? "bg-slate-900 scale-125 shadow-sm" : "bg-slate...
      | ^^^^^^^^^^^^^^^^^^^^^^^^^^^^^^^^^^^^^^^^^^^^^^^^^^^^^^^^^^^^^^^^^^^^^^^^^^^^^^^^^^^^^^^^^^^^
> 293 |                         )}
      | ^^^^^^^^^^^^^^^^^^^^^^^^^^
> 294 |                       />
      | ^^^^^^^^^^^^^^^^^^^^^^^^
> 295 |                     ))}
      | ^^^^^^^^^^^^^^^^^^^^^^^
> 296 |                   </motion.div>
      | ^^^^^^^^^^^^^^^^^^^^^^^^^^^^^^^
> 297 |
      | ^
> 298 |                   {/* Numpad */}
      | ^^^^^^^^^^^^^^^^^^^^^^^^^^^^^^^^
> 299 |                   <div className="grid grid-cols-3 gap-3 w-full">
      | ^^^^^^^^^^^^^^^^^^^^^^^^^^^^^^^^^^^^^^^^^^^^^^^^^^^^^^^^^^^^^^^^^
> 300 |                     {[1, 2, 3, 4, 5, 6, 7, 8, 9].map((num) => (
      | ^^^^^^^^^^^^^^^^^^^^^^^^^^^^^^^^^^^^^^^^^^^^^^^^^^^^^^^^^^^^^^^
> 301 |                       <button
      | ^^^^^^^^^^^^^^^^^^^^^^^^^^^^^
> 302 |                         key={num}
      | ^^^^^^^^^^^^^^^^^^^^^^^^^^^^^^^^^
> 303 |                         onClick={() => handleKeyPress(num.toString())}
      | ^^^^^^^^^^^^^^^^^^^^^^^^^^^^^^^^^^^^^^^^^^^^^^^^^^^^^^^^^^^^^^^^^^^^^^
> 304 |                         disabled={isProcessing}
      | ^^^^^^^^^^^^^^^^^^^^^^^^^^^^^^^^^^^^^^^^^^^^^^^
> 305 |                         className="h-[60px] md:h-[68px] rounded-2xl bg-white/60 hover:bg-...
      | ^^^^^^^^^^^^^^^^^^^^^^^^^^^^^^^^^^^^^^^^^^^^^^^^^^^^^^^^^^^^^^^^^^^^^^^^^^^^^^^^^^^^^^^^^^^^
> 306 |                       >
      | ^^^^^^^^^^^^^^^^^^^^^^^
> 307 |                         {num}
      | ^^^^^^^^^^^^^^^^^^^^^^^^^^^^^
> 308 |                       </button>
      | ^^^^^^^^^^^^^^^^^^^^^^^^^^^^^^^
> 309 |                     ))}
      | ^^^^^^^^^^^^^^^^^^^^^^^
> 310 |                     <div /> {/* Empty slot */}
      | ^^^^^^^^^^^^^^^^^^^^^^^^^^^^^^^^^^^^^^^^^^^^^^
> 311 |                     <button
      | ^^^^^^^^^^^^^^^^^^^^^^^^^^^
> 312 |                       onClick={() => handleKeyPress('0')}
      | ^^^^^^^^^^^^^^^^^^^^^^^^^^^^^^^^^^^^^^^^^^^^^^^^^^^^^^^^^
> 313 |                       disabled={isProcessing}
      | ^^^^^^^^^^^^^^^^^^^^^^^^^^^^^^^^^^^^^^^^^^^^^
> 314 |                       className="h-[60px] md:h-[68px] rounded-2xl bg-white/60 hover:bg-wh...
      | ^^^^^^^^^^^^^^^^^^^^^^^^^^^^^^^^^^^^^^^^^^^^^^^^^^^^^^^^^^^^^^^^^^^^^^^^^^^^^^^^^^^^^^^^^^^^
> 315 |                     >
      | ^^^^^^^^^^^^^^^^^^^^^
> 316 |                       0
      | ^^^^^^^^^^^^^^^^^^^^^^^
> 317 |                     </button>
      | ^^^^^^^^^^^^^^^^^^^^^^^^^^^^^
> 318 |                     <button
      | ^^^^^^^^^^^^^^^^^^^^^^^^^^^
> 319 |                       onClick={handleDelete}
      | ^^^^^^^^^^^^^^^^^^^^^^^^^^^^^^^^^^^^^^^^^^^^
> 320 |                       disabled={isProcessing}
      | ^^^^^^^^^^^^^^^^^^^^^^^^^^^^^^^^^^^^^^^^^^^^^
> 321 |                       className="h-[60px] md:h-[68px] rounded-2xl flex items-center justi...
      | ^^^^^^^^^^^^^^^^^^^^^^^^^^^^^^^^^^^^^^^^^^^^^^^^^^^^^^^^^^^^^^^^^^^^^^^^^^^^^^^^^^^^^^^^^^^^
> 322 |                     >
      | ^^^^^^^^^^^^^^^^^^^^^
> 323 |                       <Delete className="w-6 h-6" />
      | ^^^^^^^^^^^^^^^^^^^^^^^^^^^^^^^^^^^^^^^^^^^^^^^^^^^^
> 324 |                     </button>
      | ^^^^^^^^^^^^^^^^^^^^^^^^^^^^^
> 325 |                   </div>
      | ^^^^^^^^^^^^^^^^^^^^^^^^
> 326 |                   
      | ^^^^^^^^^^^^^^^^^^
> 327 |                   {mode === 'locked' && (
      | ^^^^^^^^^^^^^^^^^^^^^^^^^^^^^^^^^^^^^^^^^
> 328 |                     <button 
      | ^^^^^^^^^^^^^^^^^^^^^^^^^^^^
> 329 |                       onClick={() => {
      | ^^^^^^^^^^^^^^^^^^^^^^^^^^^^^^^^^^^^^^
> 330 |                         setAnswer('');
      | ^^^^^^^^^^^^^^^^^^^^^^^^^^^^^^^^^^^^^^
> 331 |                         setMode('reset');
      | ^^^^^^^^^^^^^^^^^^^^^^^^^^^^^^^^^^^^^^^^^
> 332 |                       }}
      | ^^^^^^^^^^^^^^^^^^^^^^^^
> 333 |                       className="mt-6 text-sm text-slate-400 hover:text-indigo-600 font-m...
      | ^^^^^^^^^^^^^^^^^^^^^^^^^^^^^^^^^^^^^^^^^^^^^^^^^^^^^^^^^^^^^^^^^^^^^^^^^^^^^^^^^^^^^^^^^^^^
> 334 |                     >
      | ^^^^^^^^^^^^^^^^^^^^^
> 335 |                       비밀번호를 잊으셨나요? (재설정)
      | ^^^^^^^^^^^^^^^^^^^^^^^^^^^^^^^^^^^^^^^^^^^^^^^^^^^^^
> 336 |                     </button>
      | ^^^^^^^^^^^^^^^^^^^^^^^^^^^^^
> 337 |                   )}
      | ^^^^^^^^^^^^^^^^^^^^
> 338 |                 </>
      | ^^^^^^^^^^^^^^^^^^^
> 339 |               )}
      | ^^^^^^^^^^^^^^^^
> 340 |
      | ^
> 341 |               {mode === 'setup_security' && (
      | ^^^^^^^^^^^^^^^^^^^^^^^^^^^^^^^^^^^^^^^^^^^^^
> 342 |                 <div className="w-full space-y-4">
      | ^^^^^^^^^^^^^^^^^^^^^^^^^^^^^^^^^^^^^^^^^^^^^^^^^^
> 343 |                   <div className="space-y-2">
      | ^^^^^^^^^^^^^^^^^^^^^^^^^^^^^^^^^^^^^^^^^^^^^
> 344 |                     <Label className="text-slate-600">질문 선택</Label>
      | ^^^^^^^^^^^^^^^^^^^^^^^^^^^^^^^^^^^^^^^^^^^^^^^^^^^^^^^^^^^^^^^^^^^^^^^
> 345 |                     <select
      | ^^^^^^^^^^^^^^^^^^^^^^^^^^^
> 346 |                       value={questionType}
      | ^^^^^^^^^^^^^^^^^^^^^^^^^^^^^^^^^^^^^^^^^^
> 347 |                       onChange={(e) => setQuestionType(e.target.value)}
      | ^^^^^^^^^^^^^^^^^^^^^^^^^^^^^^^^^^^^^^^^^^^^^^^^^^^^^^^^^^^^^^^^^^^^^^^
> 348 |                       className="flex h-11 w-full items-center justify-between rounded-xl...
      | ^^^^^^^^^^^^^^^^^^^^^^^^^^^^^^^^^^^^^^^^^^^^^^^^^^^^^^^^^^^^^^^^^^^^^^^^^^^^^^^^^^^^^^^^^^^^
> 349 |                     >
      | ^^^^^^^^^^^^^^^^^^^^^
> 350 |                       <option value="" disabled>보안 질문을 선택하세요</option>
      | ^^^^^^^^^^^^^^^^^^^^^^^^^^^^^^^^^^^^^^^^^^^^^^^^^^^^^^^^^^^^^^^^^^^^^^^^^^^^^^^
> 351 |                       {PRESET_QUESTIONS.map(q => (
      | ^^^^^^^^^^^^^^^^^^^^^^^^^^^^^^^^^^^^^^^^^^^^^^^^^^
> 352 |                         <option key={q} value={q}>
      | ^^^^^^^^^^^^^^^^^^^^^^^^^^^^^^^^^^^^^^^^^^^^^^^^^^
> 353 |                           {q === 'CUSTOM' ? '직접 입력...' : q}
      | ^^^^^^^^^^^^^^^^^^^^^^^^^^^^^^^^^^^^^^^^^^^^^^^^^^^^^^^^^^^^^^^
> 354 |                         </option>
      | ^^^^^^^^^^^^^^^^^^^^^^^^^^^^^^^^^
> 355 |                       ))}
      | ^^^^^^^^^^^^^^^^^^^^^^^^^
> 356 |                     </select>
      | ^^^^^^^^^^^^^^^^^^^^^^^^^^^^^
> 357 |                   </div>
      | ^^^^^^^^^^^^^^^^^^^^^^^^
> 358 |                   
      | ^^^^^^^^^^^^^^^^^^
> 359 |                   {questionType === 'CUSTOM' && (
      | ^^^^^^^^^^^^^^^^^^^^^^^^^^^^^^^^^^^^^^^^^^^^^^^^^
> 360 |                     <div className="space-y-2">
      | ^^^^^^^^^^^^^^^^^^^^^^^^^^^^^^^^^^^^^^^^^^^^^^^
> 361 |                       <Label className="text-slate-600">질문 직접 입력</Label>
      | ^^^^^^^^^^^^^^^^^^^^^^^^^^^^^^^^^^^^^^^^^^^^^^^^^^^^^^^^^^^^^^^^^^^^^^^^^^^^^^
> 362 |                       <Input 
      | ^^^^^^^^^^^^^^^^^^^^^^^^^^^^^
> 363 |                         value={customQuestion}
      | ^^^^^^^^^^^^^^^^^^^^^^^^^^^^^^^^^^^^^^^^^^^^^^
> 364 |                         onChange={(e) => setCustomQuestion(e.target.value)}
      | ^^^^^^^^^^^^^^^^^^^^^^^^^^^^^^^^^^^^^^^^^^^^^^^^^^^^^^^^^^^^^^^^^^^^^^^^^^^
> 365 |                         placeholder="자신만의 질문을 입력하세요"
      | ^^^^^^^^^^^^^^^^^^^^^^^^^^^^^^^^^^^^^^^^^^^^^^^^^^^^^^^^^^^^^^^^
> 366 |                         className="bg-white rounded-xl border-slate-200"
      | ^^^^^^^^^^^^^^^^^^^^^^^^^^^^^^^^^^^^^^^^^^^^^^^^^^^^^^^^^^^^^^^^^^^^^^^^
> 367 |                       />
      | ^^^^^^^^^^^^^^^^^^^^^^^^
> 368 |                     </div>
      | ^^^^^^^^^^^^^^^^^^^^^^^^^^
> 369 |                   )}
      | ^^^^^^^^^^^^^^^^^^^^
> 370 |
      | ^
> 371 |                   <div className="space-y-2 pt-2">
      | ^^^^^^^^^^^^^^^^^^^^^^^^^^^^^^^^^^^^^^^^^^^^^^^^^^
> 372 |                     <Label className="text-slate-600">답변 입력</Label>
      | ^^^^^^^^^^^^^^^^^^^^^^^^^^^^^^^^^^^^^^^^^^^^^^^^^^^^^^^^^^^^^^^^^^^^^^^
> 373 |                     <Input 
      | ^^^^^^^^^^^^^^^^^^^^^^^^^^^
> 374 |                       value={answer}
      | ^^^^^^^^^^^^^^^^^^^^^^^^^^^^^^^^^^^^
> 375 |                       onChange={(e) => setAnswer(e.target.value)}
      | ^^^^^^^^^^^^^^^^^^^^^^^^^^^^^^^^^^^^^^^^^^^^^^^^^^^^^^^^^^^^^^^^^
> 376 |                       placeholder="답변을 입력하세요"
      | ^^^^^^^^^^^^^^^^^^^^^^^^^^^^^^^^^^^^^^^^^^^^^^^^^^^^^
> 377 |                       className="bg-white rounded-xl border-slate-200"
      | ^^^^^^^^^^^^^^^^^^^^^^^^^^^^^^^^^^^^^^^^^^^^^^^^^^^^^^^^^^^^^^^^^^^^^^
> 378 |                     />
      | ^^^^^^^^^^^^^^^^^^^^^^
> 379 |                   </div>
      | ^^^^^^^^^^^^^^^^^^^^^^^^
> 380 |
      | ^
> 381 |                   <Button 
      | ^^^^^^^^^^^^^^^^^^^^^^^^^^
> 382 |                     onClick={handleSetupSecurity} 
      | ^^^^^^^^^^^^^^^^^^^^^^^^^^^^^^^^^^^^^^^^^^^^^^^^^^
> 383 |                     disabled={isProcessing || !questionType || (questionType === 'CUSTOM'...
      | ^^^^^^^^^^^^^^^^^^^^^^^^^^^^^^^^^^^^^^^^^^^^^^^^^^^^^^^^^^^^^^^^^^^^^^^^^^^^^^^^^^^^^^^^^^^^
> 384 |                     className="w-full bg-slate-900 hover:bg-slate-800 text-white rounded-...
      | ^^^^^^^^^^^^^^^^^^^^^^^^^^^^^^^^^^^^^^^^^^^^^^^^^^^^^^^^^^^^^^^^^^^^^^^^^^^^^^^^^^^^^^^^^^^^
> 385 |                   >
      | ^^^^^^^^^^^^^^^^^^^
> 386 |                     {isProcessing ? <Loader2 className="w-5 h-5 animate-spin mr-2" /> : n...
      | ^^^^^^^^^^^^^^^^^^^^^^^^^^^^^^^^^^^^^^^^^^^^^^^^^^^^^^^^^^^^^^^^^^^^^^^^^^^^^^^^^^^^^^^^^^^^
> 387 |                     설정 완료
      | ^^^^^^^^^^^^^^^^^^^^^^^^^^^^^
> 388 |                   </Button>
      | ^^^^^^^^^^^^^^^^^^^^^^^^^^^
> 389 |                 </div>
      | ^^^^^^^^^^^^^^^^^^^^^^
> 390 |               )}
      | ^^^^^^^^^^^^^^^^
> 391 |
      | ^
> 392 |               {mode === 'reset' && (
      | ^^^^^^^^^^^^^^^^^^^^^^^^^^^^^^^^^^^^
> 393 |                 <div className="w-full space-y-4">
      | ^^^^^^^^^^^^^^^^^^^^^^^^^^^^^^^^^^^^^^^^^^^^^^^^^^
> 394 |                   <div className="bg-slate-50 p-4 rounded-xl border border-slate-100 mb-4">
      | ^^^^^^^^^^^^^^^^^^^^^^^^^^^^^^^^^^^^^^^^^^^^^^^^^^^^^^^^^^^^^^^^^^^^^^^^^^^^^^^^^^^^^^^^^^^
> 395 |                     <p className="text-sm font-semibold text-slate-700 text-center">
      | ^^^^^^^^^^^^^^^^^^^^^^^^^^^^^^^^^^^^^^^^^^^^^^^^^^^^^^^^^^^^^^^^^^^^^^^^^^^^^^^^^^^^
> 396 |                       Q. {status?.question || "보안 질문이 설정되지 않았습니다."}
      | ^^^^^^^^^^^^^^^^^^^^^^^^^^^^^^^^^^^^^^^^^^^^^^^^^^^^^^^^^^^^^^^^^^^^^^^^^^^^^^^^^
> 397 |                     </p>
      | ^^^^^^^^^^^^^^^^^^^^^^^^
> 398 |                   </div>
      | ^^^^^^^^^^^^^^^^^^^^^^^^
> 399 |                   
      | ^^^^^^^^^^^^^^^^^^
> 400 |                   <div className="space-y-2">
      | ^^^^^^^^^^^^^^^^^^^^^^^^^^^^^^^^^^^^^^^^^^^^^
> 401 |                     <Label className="text-slate-600">답변 입력</Label>
      | ^^^^^^^^^^^^^^^^^^^^^^^^^^^^^^^^^^^^^^^^^^^^^^^^^^^^^^^^^^^^^^^^^^^^^^^
> 402 |                     <Input 
      | ^^^^^^^^^^^^^^^^^^^^^^^^^^^
> 403 |                       value={answer}
      | ^^^^^^^^^^^^^^^^^^^^^^^^^^^^^^^^^^^^
> 404 |                       onChange={(e) => setAnswer(e.target.value)}
      | ^^^^^^^^^^^^^^^^^^^^^^^^^^^^^^^^^^^^^^^^^^^^^^^^^^^^^^^^^^^^^^^^^
> 405 |                       placeholder="설정했던 답변을 입력하세요"
      | ^^^^^^^^^^^^^^^^^^^^^^^^^^^^^^^^^^^^^^^^^^^^^^^^^^^^^^^^^^^^^^
> 406 |                       className="bg-white rounded-xl border-slate-200 text-center font-bo...
      | ^^^^^^^^^^^^^^^^^^^^^^^^^^^^^^^^^^^^^^^^^^^^^^^^^^^^^^^^^^^^^^^^^^^^^^^^^^^^^^^^^^^^^^^^^^^^
> 407 |                       onKeyDown={(e) => e.key === 'Enter' && handleResetVerify()}
      | ^^^^^^^^^^^^^^^^^^^^^^^^^^^^^^^^^^^^^^^^^^^^^^^^^^^^^^^^^^^^^^^^^^^^^^^^^^^^^^^^^
> 408 |                     />
      | ^^^^^^^^^^^^^^^^^^^^^^
> 409 |                   </div>
      | ^^^^^^^^^^^^^^^^^^^^^^^^
> 410 |
      | ^
> 411 |                   <div className="flex gap-2 mt-4">
      | ^^^^^^^^^^^^^^^^^^^^^^^^^^^^^^^^^^^^^^^^^^^^^^^^^^^
> 412 |                     <Button 
      | ^^^^^^^^^^^^^^^^^^^^^^^^^^^^
> 413 |                       variant="ghost"
      | ^^^^^^^^^^^^^^^^^^^^^^^^^^^^^^^^^^^^^
> 414 |                       onClick={() => setMode('locked')}
      | ^^^^^^^^^^^^^^^^^^^^^^^^^^^^^^^^^^^^^^^^^^^^^^^^^^^^^^^
> 415 |                       className="flex-1 text-slate-500 hover:bg-slate-100 rounded-xl"
      | ^^^^^^^^^^^^^^^^^^^^^^^^^^^^^^^^^^^^^^^^^^^^^^^^^^^^^^^^^^^^^^^^^^^^^^^^^^^^^^^^^^^^^
> 416 |                     >
      | ^^^^^^^^^^^^^^^^^^^^^
> 417 |                       취소
      | ^^^^^^^^^^^^^^^^^^^^^^^^^^
> 418 |                     </Button>
      | ^^^^^^^^^^^^^^^^^^^^^^^^^^^^^
> 419 |                     <Button 
      | ^^^^^^^^^^^^^^^^^^^^^^^^^^^^
> 420 |                       onClick={handleResetVerify} 
      | ^^^^^^^^^^^^^^^^^^^^^^^^^^^^^^^^^^^^^^^^^^^^^^^^^^
> 421 |                       disabled={isProcessing || !answer.trim()}
      | ^^^^^^^^^^^^^^^^^^^^^^^^^^^^^^^^^^^^^^^^^^^^^^^^^^^^^^^^^^^^^^^
> 422 |                       className="flex-1 bg-indigo-600 hover:bg-indigo-700 text-white roun...
      | ^^^^^^^^^^^^^^^^^^^^^^^^^^^^^^^^^^^^^^^^^^^^^^^^^^^^^^^^^^^^^^^^^^^^^^^^^^^^^^^^^^^^^^^^^^^^
> 423 |                     >
      | ^^^^^^^^^^^^^^^^^^^^^
> 424 |                       {isProcessing ? <Loader2 className="w-5 h-5 animate-spin mr-2" /> :...
      | ^^^^^^^^^^^^^^^^^^^^^^^^^^^^^^^^^^^^^^^^^^^^^^^^^^^^^^^^^^^^^^^^^^^^^^^^^^^^^^^^^^^^^^^^^^^^
> 425 |                       확인
      | ^^^^^^^^^^^^^^^^^^^^^^^^^^
> 426 |                     </Button>
      | ^^^^^^^^^^^^^^^^^^^^^^^^^^^^^
> 427 |                   </div>
      | ^^^^^^^^^^^^^^^^^^^^^^^^
> 428 |                 </div>
      | ^^^^^^^^^^^^^^^^^^^^^^
> 429 |               )}
      | ^^^^^^^^^^^^^^^^
> 430 |
      | ^
> 431 |             </motion.div>
      | ^^^^^^^^^^^^^^^^^^^^^^^^^
> 432 |           </motion.div>
      | ^^^^^^^^^^^^^^^^^^^^^^^
> 433 |         )}
      | ^^^^^^^^^^
> 434 |       </AnimatePresence>
      | ^^^^^^^^^^^^^^^^^^^^^^^^
> 435 |     </div>
      | ^^^^^^^^^^
> 436 |   );
      | ^^^^
  437 | }
  438 |

Parsing ecmascript source code failed

Import traces:
  Client Component Browser:
    ./src/components/archive/PinPadOverlay.tsx [Client Component Browser]
    ./src/components/archive/ArchiveNotesView.tsx [Client Component Browser]
    ./src/app/page.tsx [Client Component Browser]
    ./src/app/page.tsx [Server Component]

  Client Component SSR:
    ./src/components/archive/PinPadOverlay.tsx [Client Component SSR]
    ./src/components/archive/ArchiveNotesView.tsx [Client Component SSR]
    ./src/app/page.tsx [Client Component SSR]
    ./src/app/page.tsx [Server Component] @ http://localhost:3000/_next/static/chunks/node_modules_next_dist_115brz8._.js:3318
[  148991ms] [LOG] [Fast Refresh] rebuilding @ http://localhost:3000/_next/static/chunks/node_modules_next_dist_115brz8._.js:2477
[  163255ms] [LOG] [Fast Refresh] rebuilding @ http://localhost:3000/_next/static/chunks/node_modules_next_dist_115brz8._.js:2477
[  163290ms] [LOG] [Fast Refresh] done in 52ms @ http://localhost:3000/_next/static/chunks/node_modules_next_dist_115brz8._.js:2477
