[     896ms] [LOG] [Fast Refresh] rebuilding @ http://localhost:3000/_next/static/chunks/0fke_next_dist_05setc-._.js:2477
[    1903ms] [LOG] [Fast Refresh] done in 1118ms @ http://localhost:3000/_next/static/chunks/0fke_next_dist_05setc-._.js:2477
[    2031ms] [INFO] %cDownload the React DevTools for a better development experience: https://react.dev/link/react-devtools font-weight:bold @ http://localhost:3000/_next/static/chunks/0fke_next_dist_05setc-._.js:2477
[    2144ms] [LOG] [HMR] connected @ http://localhost:3000/_next/static/chunks/0fke_next_dist_05setc-._.js:2477
[    2644ms] [ERROR] Failed to load resource: the server responded with a status of 406 () @ https://pksjjgogmxoyrvsaqzes.supabase.co/rest/v1/user_security_pin?select=enabled%2Csecurity_question&user_id=eq.3cc41337-8c6a-43ce-b727-f7fc1ebc5a5c:0
[    2804ms] [WARNING] Next.js detected. `immediatelyRender` defaults to false to avoid hydration mismatches. Pass `immediatelyRender: true` explicitly if you are rendering the editor only on the client. @ http://localhost:3000/_next/static/chunks/0fke_next_dist_05setc-._.js:2477
[    2804ms] [WARNING] Next.js detected. `immediatelyRender` defaults to false to avoid hydration mismatches. Pass `immediatelyRender: true` explicitly if you are rendering the editor only on the client. @ http://localhost:3000/_next/static/chunks/0fke_next_dist_05setc-._.js:2477
[    2815ms] [WARNING] [tiptap warn]: Duplicate extension names found: ['link', 'underline', 'strike']. This can lead to issues. @ http://localhost:3000/_next/static/chunks/0fke_next_dist_05setc-._.js:2477
[   96589ms] [LOG] [Fast Refresh] rebuilding @ http://localhost:3000/_next/static/chunks/0fke_next_dist_05setc-._.js:2477
[   97153ms] [LOG] [Fast Refresh] done in 665ms @ http://localhost:3000/_next/static/chunks/0fke_next_dist_05setc-._.js:2477
[   97260ms] [LOG] [Fast Refresh] rebuilding @ http://localhost:3000/_next/static/chunks/0fke_next_dist_05setc-._.js:2477
[   97718ms] [LOG] [Fast Refresh] done in 560ms @ http://localhost:3000/_next/static/chunks/0fke_next_dist_05setc-._.js:2477
[   97838ms] [LOG] [Fast Refresh] rebuilding @ http://localhost:3000/_next/static/chunks/0fke_next_dist_05setc-._.js:2477
[   98144ms] [LOG] [Fast Refresh] done in 421ms @ http://localhost:3000/_next/static/chunks/0fke_next_dist_05setc-._.js:2477
[  591178ms] [LOG] [Fast Refresh] rebuilding @ http://localhost:3000/_next/static/chunks/0fke_next_dist_05setc-._.js:2477
[  591741ms] [LOG] [Fast Refresh] done in 665ms @ http://localhost:3000/_next/static/chunks/0fke_next_dist_05setc-._.js:2477
[  591849ms] [LOG] [Fast Refresh] rebuilding @ http://localhost:3000/_next/static/chunks/0fke_next_dist_05setc-._.js:2477
[  592427ms] [LOG] [Fast Refresh] done in 684ms @ http://localhost:3000/_next/static/chunks/0fke_next_dist_05setc-._.js:2477
[  624087ms] [LOG] [Fast Refresh] rebuilding @ http://localhost:3000/_next/static/chunks/0fke_next_dist_05setc-._.js:2477
[  624640ms] [LOG] [Fast Refresh] done in 654ms @ http://localhost:3000/_next/static/chunks/0fke_next_dist_05setc-._.js:2477
[  624762ms] [LOG] [Fast Refresh] rebuilding @ http://localhost:3000/_next/static/chunks/0fke_next_dist_05setc-._.js:2477
[  625297ms] [LOG] [Fast Refresh] done in 650ms @ http://localhost:3000/_next/static/chunks/0fke_next_dist_05setc-._.js:2477
[  680850ms] [LOG] [Fast Refresh] rebuilding @ http://localhost:3000/_next/static/chunks/0fke_next_dist_05setc-._.js:2477
[  681401ms] [LOG] [Fast Refresh] done in 667ms @ http://localhost:3000/_next/static/chunks/0fke_next_dist_05setc-._.js:2477
[  688984ms] [LOG] [Fast Refresh] rebuilding @ http://localhost:3000/_next/static/chunks/0fke_next_dist_05setc-._.js:2477
[  689546ms] [LOG] [Fast Refresh] done in 665ms @ http://localhost:3000/_next/static/chunks/0fke_next_dist_05setc-._.js:2477
[  692766ms] [LOG] [Fast Refresh] rebuilding @ http://localhost:3000/_next/static/chunks/0fke_next_dist_05setc-._.js:2477
[  693314ms] [LOG] [Fast Refresh] done in 657ms @ http://localhost:3000/_next/static/chunks/0fke_next_dist_05setc-._.js:2477
[  701963ms] [LOG] [Fast Refresh] rebuilding @ http://localhost:3000/_next/static/chunks/0fke_next_dist_05setc-._.js:2477
[  702530ms] [LOG] [Fast Refresh] done in 667ms @ http://localhost:3000/_next/static/chunks/0fke_next_dist_05setc-._.js:2477
[  704394ms] [LOG] [Fast Refresh] rebuilding @ http://localhost:3000/_next/static/chunks/0fke_next_dist_05setc-._.js:2477
[  704944ms] [LOG] [Fast Refresh] done in 661ms @ http://localhost:3000/_next/static/chunks/0fke_next_dist_05setc-._.js:2477
