[     103ms] [INFO] %cDownload the React DevTools for a better development experience: https://react.dev/link/react-devtools font-weight:bold @ http://localhost:3000/_next/static/chunks/node_modules_next_dist_115brz8._.js:2477
[     113ms] [LOG] [HMR] connected @ http://localhost:3000/_next/static/chunks/node_modules_next_dist_115brz8._.js:2477
[   40053ms] [ERROR] WebSocket connection to 'wss://y-webrtc-eu.fly.dev/' failed: Error during WebSocket handshake: Unexpected response code: 503 @ http://localhost:3000/_next/static/chunks/node_modules_lib0_0zigw_o._.js:4696
[   80598ms] [ERROR] WebSocket connection to 'wss://y-webrtc-eu.fly.dev/' failed: Error during WebSocket handshake: Unexpected response code: 503 @ http://localhost:3000/_next/static/chunks/node_modules_lib0_0zigw_o._.js:4696
[   90904ms] [ERROR] Failed to load resource: the server responded with a status of 500 (Internal Server Error) @ http://localhost:3000/:0
[   90907ms] [ERROR] Failed to update task: Error: Could not find the 'subtasks' column of 'agenda_tasks' in the schema cache
    at updateAgendaTask (about://React/Server/file:///Users/hallyo/Desktop/Calentask/.next/dev/server/chunks/ssr/_09zpcz~._.js?5:245:22)
    at resolveErrorDev (http://localhost:3000/_next/static/chunks/node_modules_next_dist_compiled_react-server-dom-turbopack_0p3wegg._.js:1919:105)
    at processFullStringRow (http://localhost:3000/_next/static/chunks/node_modules_next_dist_compiled_react-server-dom-turbopack_0p3wegg._.js:2434:29)
    at processFullBinaryRow (http://localhost:3000/_next/static/chunks/node_modules_next_dist_compiled_react-server-dom-turbopack_0p3wegg._.js:2393:9)
    at processBinaryChunk (http://localhost:3000/_next/static/chunks/node_modules_next_dist_compiled_react-server-dom-turbopack_0p3wegg._.js:2502:221)
    at progress (http://localhost:3000/_next/static/chunks/node_modules_next_dist_compiled_react-server-dom-turbopack_0p3wegg._.js:2689:13) @ http://localhost:3000/_next/static/chunks/node_modules_next_dist_115brz8._.js:3318
[  120942ms] [ERROR] WebSocket connection to 'wss://y-webrtc-eu.fly.dev/' failed: Error during WebSocket handshake: Unexpected response code: 503 @ http://localhost:3000/_next/static/chunks/node_modules_lib0_0zigw_o._.js:4696
[  161630ms] [ERROR] WebSocket connection to 'wss://y-webrtc-eu.fly.dev/' failed: Error during WebSocket handshake: Unexpected response code: 503 @ http://localhost:3000/_next/static/chunks/node_modules_lib0_0zigw_o._.js:4696
[  180364ms] [LOG] [Fast Refresh] rebuilding @ http://localhost:3000/_next/static/chunks/node_modules_next_dist_115brz8._.js:2477
[  180558ms] [LOG] [Fast Refresh] done in 253ms @ http://localhost:3000/_next/static/chunks/node_modules_next_dist_115brz8._.js:2477
[  180659ms] [LOG] [Fast Refresh] rebuilding @ http://localhost:3000/_next/static/chunks/node_modules_next_dist_115brz8._.js:2477
[  180674ms] [LOG] [Fast Refresh] done in 116ms @ http://localhost:3000/_next/static/chunks/node_modules_next_dist_115brz8._.js:2477
[  202805ms] [ERROR] WebSocket connection to 'wss://y-webrtc-eu.fly.dev/' failed: Error during WebSocket handshake: Unexpected response code: 503 @ http://localhost:3000/_next/static/chunks/node_modules_lib0_0zigw_o._.js:4696
[  243840ms] [ERROR] WebSocket connection to 'wss://y-webrtc-eu.fly.dev/' failed: Error during WebSocket handshake: Unexpected response code: 503 @ http://localhost:3000/_next/static/chunks/node_modules_lib0_0zigw_o._.js:4696
