[     116ms] [INFO] %cDownload the React DevTools for a better development experience: https://react.dev/link/react-devtools font-weight:bold @ http://localhost:3000/_next/static/chunks/node_modules_next_dist_115brz8._.js:2477
[     125ms] [LOG] [HMR] connected @ http://localhost:3000/_next/static/chunks/node_modules_next_dist_115brz8._.js:2477
[   40316ms] [ERROR] WebSocket connection to 'wss://y-webrtc-eu.fly.dev/' failed: Error during WebSocket handshake: Unexpected response code: 503 @ http://localhost:3000/_next/static/chunks/node_modules_lib0_0zigw_o._.js:4696
[   80786ms] [ERROR] WebSocket connection to 'wss://y-webrtc-eu.fly.dev/' failed: Error during WebSocket handshake: Unexpected response code: 503 @ http://localhost:3000/_next/static/chunks/node_modules_lib0_0zigw_o._.js:4696
[  121417ms] [ERROR] WebSocket connection to 'wss://y-webrtc-eu.fly.dev/' failed: Error during WebSocket handshake: Unexpected response code: 503 @ http://localhost:3000/_next/static/chunks/node_modules_lib0_0zigw_o._.js:4696
[  162173ms] [ERROR] WebSocket connection to 'wss://y-webrtc-eu.fly.dev/' failed: Error during WebSocket handshake: Unexpected response code: 503 @ http://localhost:3000/_next/static/chunks/node_modules_lib0_0zigw_o._.js:4696
[  202885ms] [ERROR] WebSocket connection to 'wss://y-webrtc-eu.fly.dev/' failed: Error during WebSocket handshake: Unexpected response code: 503 @ http://localhost:3000/_next/static/chunks/node_modules_lib0_0zigw_o._.js:4696
[  243478ms] [ERROR] WebSocket connection to 'wss://y-webrtc-eu.fly.dev/' failed: Error during WebSocket handshake: Unexpected response code: 503 @ http://localhost:3000/_next/static/chunks/node_modules_lib0_0zigw_o._.js:4696
[  284745ms] [ERROR] WebSocket connection to 'wss://y-webrtc-eu.fly.dev/' failed: Error during WebSocket handshake: Unexpected response code: 503 @ http://localhost:3000/_next/static/chunks/node_modules_lib0_0zigw_o._.js:4696
[  325791ms] [ERROR] WebSocket connection to 'wss://y-webrtc-eu.fly.dev/' failed: Error during WebSocket handshake: Unexpected response code: 503 @ http://localhost:3000/_next/static/chunks/node_modules_lib0_0zigw_o._.js:4696
[  367247ms] [ERROR] WebSocket connection to 'wss://y-webrtc-eu.fly.dev/' failed: Error during WebSocket handshake: Unexpected response code: 503 @ http://localhost:3000/_next/static/chunks/node_modules_lib0_0zigw_o._.js:4696
[  408239ms] [ERROR] WebSocket connection to 'wss://y-webrtc-eu.fly.dev/' failed: Error during WebSocket handshake: Unexpected response code: 503 @ http://localhost:3000/_next/static/chunks/node_modules_lib0_0zigw_o._.js:4696
[  449420ms] [ERROR] WebSocket connection to 'wss://y-webrtc-eu.fly.dev/' failed: Error during WebSocket handshake: Unexpected response code: 503 @ http://localhost:3000/_next/static/chunks/node_modules_lib0_0zigw_o._.js:4696
[  490623ms] [ERROR] WebSocket connection to 'wss://y-webrtc-eu.fly.dev/' failed: Error during WebSocket handshake: Unexpected response code: 503 @ http://localhost:3000/_next/static/chunks/node_modules_lib0_0zigw_o._.js:4696
[  531734ms] [ERROR] WebSocket connection to 'wss://y-webrtc-eu.fly.dev/' failed: Error during WebSocket handshake: Unexpected response code: 503 @ http://localhost:3000/_next/static/chunks/node_modules_lib0_0zigw_o._.js:4696
[  556553ms] [LOG] [Fast Refresh] rebuilding @ http://localhost:3000/_next/static/chunks/node_modules_next_dist_115brz8._.js:2477
[  556658ms] [LOG] [Fast Refresh] done in 169ms @ http://localhost:3000/_next/static/chunks/node_modules_next_dist_115brz8._.js:2477
[  573584ms] [ERROR] WebSocket connection to 'wss://y-webrtc-eu.fly.dev/' failed: Error during WebSocket handshake: Unexpected response code: 503 @ http://localhost:3000/_next/static/chunks/node_modules_lib0_0zigw_o._.js:4696
[  574505ms] [LOG] [Fast Refresh] rebuilding @ http://localhost:3000/_next/static/chunks/node_modules_next_dist_115brz8._.js:2477
[  574516ms] [ERROR] %o

%s ReferenceError: DateTimePickerPopover is not defined
    at ArchiveAgendaView (http://localhost:3000/_next/static/chunks/src_components_archive_12r3muv._.js?id=%255Bproject%255D%252Fsrc%252Fcomponents%252Farchive%252FArchiveAgendaView.tsx+%255Bapp-client%255D+%2528ecmascript%2529:419:256)
    at Object.react_stack_bottom_frame (http://localhost:3000/_next/static/chunks/node_modules_next_dist_compiled_react-dom_058-ah~._.js:15037:24)
    at renderWithHooks (http://localhost:3000/_next/static/chunks/node_modules_next_dist_compiled_react-dom_058-ah~._.js:4620:24)
    at updateFunctionComponent (http://localhost:3000/_next/static/chunks/node_modules_next_dist_compiled_react-dom_058-ah~._.js:6081:21)
    at beginWork (http://localhost:3000/_next/static/chunks/node_modules_next_dist_compiled_react-dom_058-ah~._.js:6691:24)
    at runWithFiberInDEV (http://localhost:3000/_next/static/chunks/node_modules_next_dist_compiled_react-dom_058-ah~._.js:965:74)
    at performUnitOfWork (http://localhost:3000/_next/static/chunks/node_modules_next_dist_compiled_react-dom_058-ah~._.js:9555:97)
    at workLoopSync (http://localhost:3000/_next/static/chunks/node_modules_next_dist_compiled_react-dom_058-ah~._.js:9449:40)
    at renderRootSync (http://localhost:3000/_next/static/chunks/node_modules_next_dist_compiled_react-dom_058-ah~._.js:9433:13)
    at performWorkOnRoot (http://localhost:3000/_next/static/chunks/node_modules_next_dist_compiled_react-dom_058-ah~._.js:9098:47)
    at performSyncWorkOnRoot (http://localhost:3000/_next/static/chunks/node_modules_next_dist_compiled_react-dom_058-ah~._.js:10263:9)
    at flushSyncWorkAcrossRoots_impl (http://localhost:3000/_next/static/chunks/node_modules_next_dist_compiled_react-dom_058-ah~._.js:10179:316)
    at flushSyncWork$1 (http://localhost:3000/_next/static/chunks/node_modules_next_dist_compiled_react-dom_058-ah~._.js:9230:86)
    at Object.scheduleRefresh (http://localhost:3000/_next/static/chunks/node_modules_next_dist_compiled_react-dom_058-ah~._.js:299:13)
    at http://localhost:3000/_next/static/chunks/node_modules_next_dist_compiled_0rpq4pf._.js:391:33
    at Set.forEach (<anonymous>)
    at Object.performReactRefresh (http://localhost:3000/_next/static/chunks/node_modules_next_dist_compiled_0rpq4pf._.js:384:38)
    at applyUpdate (http://localhost:3000/_next/static/chunks/node_modules_next_dist_compiled_0rpq4pf._.js:878:31)
    at http://localhost:3000/_next/static/chunks/node_modules_next_dist_compiled_0rpq4pf._.js:886:13 The above error occurred in the <ArchiveAgendaView> component. It was handled by the <ErrorBoundaryHandler> error boundary. @ http://localhost:3000/_next/static/chunks/node_modules_next_dist_client_0fhqo1d._.js:1998
[  574518ms] [ERROR] ReferenceError: DateTimePickerPopover is not defined
    at ArchiveAgendaView (http://localhost:3000/_next/static/chunks/src_components_archive_12r3muv._.js?id=%255Bproject%255D%252Fsrc%252Fcomponents%252Farchive%252FArchiveAgendaView.tsx+%255Bapp-client%255D+%2528ecmascript%2529:419:256)
    at Object.react_stack_bottom_frame (http://localhost:3000/_next/static/chunks/node_modules_next_dist_compiled_react-dom_058-ah~._.js:15037:24)
    at renderWithHooks (http://localhost:3000/_next/static/chunks/node_modules_next_dist_compiled_react-dom_058-ah~._.js:4620:24)
    at updateFunctionComponent (http://localhost:3000/_next/static/chunks/node_modules_next_dist_compiled_react-dom_058-ah~._.js:6081:21)
    at beginWork (http://localhost:3000/_next/static/chunks/node_modules_next_dist_compiled_react-dom_058-ah~._.js:6691:24)
    at runWithFiberInDEV (http://localhost:3000/_next/static/chunks/node_modules_next_dist_compiled_react-dom_058-ah~._.js:965:74)
    at performUnitOfWork (http://localhost:3000/_next/static/chunks/node_modules_next_dist_compiled_react-dom_058-ah~._.js:9555:97)
    at workLoopSync (http://localhost:3000/_next/static/chunks/node_modules_next_dist_compiled_react-dom_058-ah~._.js:9449:40)
    at renderRootSync (http://localhost:3000/_next/static/chunks/node_modules_next_dist_compiled_react-dom_058-ah~._.js:9433:13)
    at performWorkOnRoot (http://localhost:3000/_next/static/chunks/node_modules_next_dist_compiled_react-dom_058-ah~._.js:9098:47)
    at performSyncWorkOnRoot (http://localhost:3000/_next/static/chunks/node_modules_next_dist_compiled_react-dom_058-ah~._.js:10263:9)
    at flushSyncWorkAcrossRoots_impl (http://localhost:3000/_next/static/chunks/node_modules_next_dist_compiled_react-dom_058-ah~._.js:10179:316)
    at flushSyncWork$1 (http://localhost:3000/_next/static/chunks/node_modules_next_dist_compiled_react-dom_058-ah~._.js:9230:86)
    at Object.scheduleRefresh (http://localhost:3000/_next/static/chunks/node_modules_next_dist_compiled_react-dom_058-ah~._.js:299:13)
    at http://localhost:3000/_next/static/chunks/node_modules_next_dist_compiled_0rpq4pf._.js:391:33
    at Set.forEach (<anonymous>)
    at Object.performReactRefresh (http://localhost:3000/_next/static/chunks/node_modules_next_dist_compiled_0rpq4pf._.js:384:38)
    at applyUpdate (http://localhost:3000/_next/static/chunks/node_modules_next_dist_compiled_0rpq4pf._.js:878:31)
    at http://localhost:3000/_next/static/chunks/node_modules_next_dist_compiled_0rpq4pf._.js:886:13 @ http://localhost:3000/_next/static/chunks/node_modules_next_dist_115brz8._.js:3318
[  574519ms] [ERROR] ReferenceError: DateTimePickerPopover is not defined
    at ArchiveAgendaView (http://localhost:3000/_next/static/chunks/src_components_archive_12r3muv._.js?id=%255Bproject%255D%252Fsrc%252Fcomponents%252Farchive%252FArchiveAgendaView.tsx+%255Bapp-client%255D+%2528ecmascript%2529:419:256)
    at Object.react_stack_bottom_frame (http://localhost:3000/_next/static/chunks/node_modules_next_dist_compiled_react-dom_058-ah~._.js:15037:24)
    at renderWithHooks (http://localhost:3000/_next/static/chunks/node_modules_next_dist_compiled_react-dom_058-ah~._.js:4620:24)
    at updateFunctionComponent (http://localhost:3000/_next/static/chunks/node_modules_next_dist_compiled_react-dom_058-ah~._.js:6081:21)
    at beginWork (http://localhost:3000/_next/static/chunks/node_modules_next_dist_compiled_react-dom_058-ah~._.js:6691:24)
    at runWithFiberInDEV (http://localhost:3000/_next/static/chunks/node_modules_next_dist_compiled_react-dom_058-ah~._.js:965:74)
    at performUnitOfWork (http://localhost:3000/_next/static/chunks/node_modules_next_dist_compiled_react-dom_058-ah~._.js:9555:97)
    at workLoopSync (http://localhost:3000/_next/static/chunks/node_modules_next_dist_compiled_react-dom_058-ah~._.js:9449:40)
    at renderRootSync (http://localhost:3000/_next/static/chunks/node_modules_next_dist_compiled_react-dom_058-ah~._.js:9433:13)
    at performWorkOnRoot (http://localhost:3000/_next/static/chunks/node_modules_next_dist_compiled_react-dom_058-ah~._.js:9098:47)
    at performSyncWorkOnRoot (http://localhost:3000/_next/static/chunks/node_modules_next_dist_compiled_react-dom_058-ah~._.js:10263:9)
    at flushSyncWorkAcrossRoots_impl (http://localhost:3000/_next/static/chunks/node_modules_next_dist_compiled_react-dom_058-ah~._.js:10179:316)
    at flushSyncWork$1 (http://localhost:3000/_next/static/chunks/node_modules_next_dist_compiled_react-dom_058-ah~._.js:9230:86)
    at Object.scheduleRefresh (http://localhost:3000/_next/static/chunks/node_modules_next_dist_compiled_react-dom_058-ah~._.js:299:13)
    at http://localhost:3000/_next/static/chunks/node_modules_next_dist_compiled_0rpq4pf._.js:391:33
    at Set.forEach (<anonymous>)
    at Object.performReactRefresh (http://localhost:3000/_next/static/chunks/node_modules_next_dist_compiled_0rpq4pf._.js:384:38)
    at applyUpdate (http://localhost:3000/_next/static/chunks/node_modules_next_dist_compiled_0rpq4pf._.js:878:31)
    at http://localhost:3000/_next/static/chunks/node_modules_next_dist_compiled_0rpq4pf._.js:886:13 @ http://localhost:3000/_next/static/chunks/node_modules_next_dist_115brz8._.js:3318
[  574530ms] [LOG] [Fast Refresh] done in 50ms @ http://localhost:3000/_next/static/chunks/node_modules_next_dist_115brz8._.js:2477
[  609695ms] [LOG] [Fast Refresh] rebuilding @ http://localhost:3000/_next/static/chunks/node_modules_next_dist_115brz8._.js:2477
[  610138ms] [LOG] [Fast Refresh] done in 494ms @ http://localhost:3000/_next/static/chunks/node_modules_next_dist_115brz8._.js:2477
[  610671ms] [LOG] [Fast Refresh] rebuilding @ http://localhost:3000/_next/static/chunks/node_modules_next_dist_115brz8._.js:2477
[  610686ms] [LOG] [Fast Refresh] done in 124ms @ http://localhost:3000/_next/static/chunks/node_modules_next_dist_115brz8._.js:2477
[  614761ms] [ERROR] WebSocket connection to 'wss://y-webrtc-eu.fly.dev/' failed: Error during WebSocket handshake: Unexpected response code: 503 @ http://localhost:3000/_next/static/chunks/node_modules_lib0_0zigw_o._.js:4696
